Archive member included to satisfy reference by file (symbol)

d:/st/stm32cubeide_1.4.0/stm32cubeide/plugins/com.st.stm32cube.ide.mcu.externaltools.gnu-tools-for-stm32.7-2018-q2-update.win32_1.4.0.202007081208/tools/bin/../lib/gcc/arm-none-eabi/7.3.1/../../../../arm-none-eabi/lib/thumb/v7e-m/fpv5/hard\libc_nano.a(lib_a-errno.o)
                              Core/Src/syscalls.o (__errno)
d:/st/stm32cubeide_1.4.0/stm32cubeide/plugins/com.st.stm32cube.ide.mcu.externaltools.gnu-tools-for-stm32.7-2018-q2-update.win32_1.4.0.202007081208/tools/bin/../lib/gcc/arm-none-eabi/7.3.1/../../../../arm-none-eabi/lib/thumb/v7e-m/fpv5/hard\libc_nano.a(lib_a-exit.o)
                              d:/st/stm32cubeide_1.4.0/stm32cubeide/plugins/com.st.stm32cube.ide.mcu.externaltools.gnu-tools-for-stm32.7-2018-q2-update.win32_1.4.0.202007081208/tools/bin/../lib/gcc/arm-none-eabi/7.3.1/../../../../arm-none-eabi/lib/thumb/v7e-m/fpv5/hard/crt0.o (exit)
d:/st/stm32cubeide_1.4.0/stm32cubeide/plugins/com.st.stm32cube.ide.mcu.externaltools.gnu-tools-for-stm32.7-2018-q2-update.win32_1.4.0.202007081208/tools/bin/../lib/gcc/arm-none-eabi/7.3.1/../../../../arm-none-eabi/lib/thumb/v7e-m/fpv5/hard\libc_nano.a(lib_a-impure.o)
                              d:/st/stm32cubeide_1.4.0/stm32cubeide/plugins/com.st.stm32cube.ide.mcu.externaltools.gnu-tools-for-stm32.7-2018-q2-update.win32_1.4.0.202007081208/tools/bin/../lib/gcc/arm-none-eabi/7.3.1/../../../../arm-none-eabi/lib/thumb/v7e-m/fpv5/hard\libc_nano.a(lib_a-exit.o) (_global_impure_ptr)
d:/st/stm32cubeide_1.4.0/stm32cubeide/plugins/com.st.stm32cube.ide.mcu.externaltools.gnu-tools-for-stm32.7-2018-q2-update.win32_1.4.0.202007081208/tools/bin/../lib/gcc/arm-none-eabi/7.3.1/../../../../arm-none-eabi/lib/thumb/v7e-m/fpv5/hard\libc_nano.a(lib_a-init.o)
                              d:/st/stm32cubeide_1.4.0/stm32cubeide/plugins/com.st.stm32cube.ide.mcu.externaltools.gnu-tools-for-stm32.7-2018-q2-update.win32_1.4.0.202007081208/tools/bin/../lib/gcc/arm-none-eabi/7.3.1/../../../../arm-none-eabi/lib/thumb/v7e-m/fpv5/hard/crt0.o (__libc_init_array)
d:/st/stm32cubeide_1.4.0/stm32cubeide/plugins/com.st.stm32cube.ide.mcu.externaltools.gnu-tools-for-stm32.7-2018-q2-update.win32_1.4.0.202007081208/tools/bin/../lib/gcc/arm-none-eabi/7.3.1/../../../../arm-none-eabi/lib/thumb/v7e-m/fpv5/hard\libc_nano.a(lib_a-memset.o)
                              d:/st/stm32cubeide_1.4.0/stm32cubeide/plugins/com.st.stm32cube.ide.mcu.externaltools.gnu-tools-for-stm32.7-2018-q2-update.win32_1.4.0.202007081208/tools/bin/../lib/gcc/arm-none-eabi/7.3.1/../../../../arm-none-eabi/lib/thumb/v7e-m/fpv5/hard/crt0.o (memset)
d:/st/stm32cubeide_1.4.0/stm32cubeide/plugins/com.st.stm32cube.ide.mcu.externaltools.gnu-tools-for-stm32.7-2018-q2-update.win32_1.4.0.202007081208/tools/bin/../lib/gcc/arm-none-eabi/7.3.1/../../../../arm-none-eabi/lib/thumb/v7e-m/fpv5/hard\libc_nano.a(lib_a-sprintf.o)
                              Core/Src/main.o (sprintf)
d:/st/stm32cubeide_1.4.0/stm32cubeide/plugins/com.st.stm32cube.ide.mcu.externaltools.gnu-tools-for-stm32.7-2018-q2-update.win32_1.4.0.202007081208/tools/bin/../lib/gcc/arm-none-eabi/7.3.1/../../../../arm-none-eabi/lib/thumb/v7e-m/fpv5/hard\libc_nano.a(lib_a-nano-svfprintf.o)
                              d:/st/stm32cubeide_1.4.0/stm32cubeide/plugins/com.st.stm32cube.ide.mcu.externaltools.gnu-tools-for-stm32.7-2018-q2-update.win32_1.4.0.202007081208/tools/bin/../lib/gcc/arm-none-eabi/7.3.1/../../../../arm-none-eabi/lib/thumb/v7e-m/fpv5/hard\libc_nano.a(lib_a-sprintf.o) (_svfprintf_r)
d:/st/stm32cubeide_1.4.0/stm32cubeide/plugins/com.st.stm32cube.ide.mcu.externaltools.gnu-tools-for-stm32.7-2018-q2-update.win32_1.4.0.202007081208/tools/bin/../lib/gcc/arm-none-eabi/7.3.1/../../../../arm-none-eabi/lib/thumb/v7e-m/fpv5/hard\libc_nano.a(lib_a-nano-vfprintf_i.o)
                              d:/st/stm32cubeide_1.4.0/stm32cubeide/plugins/com.st.stm32cube.ide.mcu.externaltools.gnu-tools-for-stm32.7-2018-q2-update.win32_1.4.0.202007081208/tools/bin/../lib/gcc/arm-none-eabi/7.3.1/../../../../arm-none-eabi/lib/thumb/v7e-m/fpv5/hard\libc_nano.a(lib_a-nano-svfprintf.o) (_printf_i)
d:/st/stm32cubeide_1.4.0/stm32cubeide/plugins/com.st.stm32cube.ide.mcu.externaltools.gnu-tools-for-stm32.7-2018-q2-update.win32_1.4.0.202007081208/tools/bin/../lib/gcc/arm-none-eabi/7.3.1/../../../../arm-none-eabi/lib/thumb/v7e-m/fpv5/hard\libc_nano.a(lib_a-memchr.o)
                              d:/st/stm32cubeide_1.4.0/stm32cubeide/plugins/com.st.stm32cube.ide.mcu.externaltools.gnu-tools-for-stm32.7-2018-q2-update.win32_1.4.0.202007081208/tools/bin/../lib/gcc/arm-none-eabi/7.3.1/../../../../arm-none-eabi/lib/thumb/v7e-m/fpv5/hard\libc_nano.a(lib_a-nano-svfprintf.o) (memchr)
[...]
Memory Configuration

Name             Origin             Length             Attributes
DTCMRAM          0x0000000020000000 0x0000000000020000 xrw
ITCMRAM          0x0000000000000000 0x0000000000010000 xrw
RAM_D1           0x0000000024000000 0x0000000000080000 xrw
RAM_D2           0x0000000030000000 0x0000000000048000 xrw
RAM_D3           0x0000000038000000 0x0000000000010000 xrw
FLASH            0x0000000008000000 0x0000000000200000 xr
*default*        0x0000000000000000 0xffffffffffffffff

Linker script and memory map

LOAD d:/st/stm32cubeide_1.4.0/stm32cubeide/plugins/com.st.stm32cube.ide.mcu.externaltools.gnu-tools-for-stm32.7-2018-q2-update.win32_1.4.0.202007081208/tools/bin/../lib/gcc/arm-none-eabi/7.3.1/thumb/v7e-m/fpv5/hard/crti.o
LOAD d:/st/stm32cubeide_1.4.0/stm32cubeide/plugins/com.st.stm32cube.ide.mcu.externaltools.gnu-tools-for-stm32.7-2018-q2-update.win32_1.4.0.202007081208/tools/bin/../lib/gcc/arm-none-eabi/7.3.1/thumb/v7e-m/fpv5/hard/crtbegin.o
LOAD d:/st/stm32cubeide_1.4.0/stm32cubeide/plugins/com.st.stm32cube.ide.mcu.externaltools.gnu-tools-for-stm32.7-2018-q2-update.win32_1.4.0.202007081208/tools/bin/../lib/gcc/arm-none-eabi/7.3.1/../../../../arm-none-eabi/lib/thumb/v7e-m/fpv5/hard/crt0.o
LOAD Core/Src/main.o
LOAD Core/Src/stm32h7xx_hal_msp.o
LOAD Core/Src/stm32h7xx_it.o
LOAD Core/Src/syscalls.o
LOAD Core/Src/sysmem.o
LOAD Core/Src/system_stm32h7xx.o
LOAD Core/Startup/startup_stm32h743zitx.o
LOAD Drivers/STM32H7xx_HAL_Driver/Src/stm32h7xx_hal.o
LOAD Drivers/STM32H7xx_HAL_Driver/Src/stm32h7xx_hal_cortex.o
LOAD Drivers/STM32H7xx_HAL_Driver/Src/stm32h7xx_hal_dma.o
LOAD Drivers/STM32H7xx_HAL_Driver/Src/stm32h7xx_hal_dma_ex.o
LOAD Drivers/STM32H7xx_HAL_Driver/Src/stm32h7xx_hal_eth.o
LOAD Drivers/STM32H7xx_HAL_Driver/Src/stm32h7xx_hal_eth_ex.o
LOAD Drivers/STM32H7xx_HAL_Driver/Src/stm32h7xx_hal_exti.o
LOAD Drivers/STM32H7xx_HAL_Driver/Src/stm32h7xx_hal_flash.o
LOAD Drivers/STM32H7xx_HAL_Driver/Src/stm32h7xx_hal_flash_ex.o
LOAD Drivers/STM32H7xx_HAL_Driver/Src/stm32h7xx_hal_gpio.o
LOAD Drivers/STM32H7xx_HAL_Driver/Src/stm32h7xx_hal_hsem.o
LOAD Drivers/STM32H7xx_HAL_Driver/Src/stm32h7xx_hal_i2c.o
LOAD Drivers/STM32H7xx_HAL_Driver/Src/stm32h7xx_hal_i2c_ex.o
LOAD Drivers/STM32H7xx_HAL_Driver/Src/stm32h7xx_hal_mdma.o
LOAD Drivers/STM32H7xx_HAL_Driver/Src/stm32h7xx_hal_pcd.o
LOAD Drivers/STM32H7xx_HAL_Driver/Src/stm32h7xx_hal_pcd_ex.o
LOAD Drivers/STM32H7xx_HAL_Driver/Src/stm32h7xx_hal_pwr.o
LOAD Drivers/STM32H7xx_HAL_Driver/Src/stm32h7xx_hal_pwr_ex.o
LOAD Drivers/STM32H7xx_HAL_Driver/Src/stm32h7xx_hal_rcc.o
LOAD Drivers/STM32H7xx_HAL_Driver/Src/stm32h7xx_hal_rcc_ex.o
LOAD Drivers/STM32H7xx_HAL_Driver/Src/stm32h7xx_hal_tim.o
LOAD Drivers/STM32H7xx_HAL_Driver/Src/stm32h7xx_hal_tim_ex.o
LOAD Drivers/STM32H7xx_HAL_Driver/Src/stm32h7xx_hal_uart.o
LOAD Drivers/STM32H7xx_HAL_Driver/Src/stm32h7xx_hal_uart_ex.o
LOAD Drivers/STM32H7xx_HAL_Driver/Src/stm32h7xx_ll_usb.o
START GROUP
LOAD d:/st/stm32cubeide_1.4.0/stm32cubeide/plugins/com.st.stm32cube.ide.mcu.externaltools.gnu-tools-for-stm32.7-2018-q2-update.win32_1.4.0.202007081208/tools/bin/../lib/gcc/arm-none-eabi/7.3.1/../../../../arm-none-eabi/lib/thumb/v7e-m/fpv5/hard\libc_nano.a
LOAD d:/st/stm32cubeide_1.4.0/stm32cubeide/plugins/com.st.stm32cube.ide.mcu.externaltools.gnu-tools-for-stm32.7-2018-q2-update.win32_1.4.0.202007081208/tools/bin/../lib/gcc/arm-none-eabi/7.3.1/../../../../arm-none-eabi/lib/thumb/v7e-m/fpv5/hard\libm.a
END GROUP
START GROUP
LOAD d:/st/stm32cubeide_1.4.0/stm32cubeide/plugins/com.st.stm32cube.ide.mcu.externaltools.gnu-tools-for-stm32.7-2018-q2-update.win32_1.4.0.202007081208/tools/bin/../lib/gcc/arm-none-eabi/7.3.1/thumb/v7e-m/fpv5/hard\libgcc.a
LOAD d:/st/stm32cubeide_1.4.0/stm32cubeide/plugins/com.st.stm32cube.ide.mcu.externaltools.gnu-tools-for-stm32.7-2018-q2-update.win32_1.4.0.202007081208/tools/bin/../lib/gcc/arm-none-eabi/7.3.1/../../../../arm-none-eabi/lib/thumb/v7e-m/fpv5/hard\libc_nano.a
END GROUP
START GROUP
LOAD d:/st/stm32cubeide_1.4.0/stm32cubeide/plugins/com.st.stm32cube.ide.mcu.externaltools.gnu-tools-for-stm32.7-2018-q2-update.win32_1.4.0.202007081208/tools/bin/../lib/gcc/arm-none-eabi/7.3.1/thumb/v7e-m/fpv5/hard\libgcc.a
LOAD d:/st/stm32cubeide_1.4.0/stm32cubeide/plugins/com.st.stm32cube.ide.mcu.externaltools.gnu-tools-for-stm32.7-2018-q2-update.win32_1.4.0.202007081208/tools/bin/../lib/gcc/arm-none-eabi/7.3.1/../../../../arm-none-eabi/lib/thumb/v7e-m/fpv5/hard\libc_nano.a
LOAD d:/st/stm32cubeide_1.4.0/stm32cubeide/plugins/com.st.stm32cube.ide.mcu.externaltools.gnu-tools-for-stm32.7-2018-q2-update.win32_1.4.0.202007081208/tools/bin/../lib/gcc/arm-none-eabi/7.3.1/../../../../arm-none-eabi/lib/thumb/v7e-m/fpv5/hard\libnosys.a
END GROUP
START GROUP
LOAD d:/st/stm32cubeide_1.4.0/stm32cubeide/plugins/com.st.stm32cube.ide.mcu.externaltools.gnu-tools-for-stm32.7-2018-q2-update.win32_1.4.0.202007081208/tools/bin/../lib/gcc/arm-none-eabi/7.3.1/thumb/v7e-m/fpv5/hard\libgcc.a
LOAD d:/st/stm32cubeide_1.4.0/stm32cubeide/plugins/com.st.stm32cube.ide.mcu.externaltools.gnu-tools-for-stm32.7-2018-q2-update.win32_1.4.0.202007081208/tools/bin/../lib/gcc/arm-none-eabi/7.3.1/../../../../arm-none-eabi/lib/thumb/v7e-m/fpv5/hard\libc_nano.a
LOAD d:/st/stm32cubeide_1.4.0/stm32cubeide/plugins/com.st.stm32cube.ide.mcu.externaltools.gnu-tools-for-stm32.7-2018-q2-update.win32_1.4.0.202007081208/tools/bin/../lib/gcc/arm-none-eabi/7.3.1/../../../../arm-none-eabi/lib/thumb/v7e-m/fpv5/hard\libnosys.a
END GROUP
LOAD d:/st/stm32cubeide_1.4.0/stm32cubeide/plugins/com.st.stm32cube.ide.mcu.externaltools.gnu-tools-for-stm32.7-2018-q2-update.win32_1.4.0.202007081208/tools/bin/../lib/gcc/arm-none-eabi/7.3.1/thumb/v7e-m/fpv5/hard/crtend.o
LOAD d:/st/stm32cubeide_1.4.0/stm32cubeide/plugins/com.st.stm32cube.ide.mcu.externaltools.gnu-tools-for-stm32.7-2018-q2-update.win32_1.4.0.202007081208/tools/bin/../lib/gcc/arm-none-eabi/7.3.1/thumb/v7e-m/fpv5/hard/crtn.o
                0x0000000024080000                _estack = (ORIGIN (RAM_D1) + LENGTH (RAM_D1))
                0x0000000000000200                _Min_Heap_Size = 0x200
                0x0000000000000400                _Min_Stack_Size = 0x400

.isr_vector     0x0000000008000000      0x298
                0x0000000008000000                . = ALIGN (0x4)
 *(.isr_vector)
 .isr_vector    0x0000000008000000      0x298 Core/Startup/startup_stm32h743zitx.o
                0x0000000008000000                g_pfnVectors
                0x0000000008000298                . = ALIGN (0x4)

.text           0x00000000080002a0     0x7604
                0x00000000080002a0                . = ALIGN (0x4)
 *(.text)
 .text          0x00000000080002a0       0x40 d:/st/stm32cubeide_1.4.0/stm32cubeide/plugins/com.st.stm32cube.ide.mcu.externaltools.gnu-tools-for-stm32.7-2018-q2-update.win32_1.4.0.202007081208/tools/bin/../lib/gcc/arm-none-eabi/7.3.1/thumb/v7e-m/fpv5/hard/crtbegin.o
 .text          0x00000000080002e0       0xa0 d:/st/stm32cubeide_1.4.0/stm32cubeide/plugins/com.st.stm32cube.ide.mcu.externaltools.gnu-tools-for-stm32.7-2018-q2-update.win32_1.4.0.202007081208/tools/bin/../lib/gcc/arm-none-eabi/7.3.1/../../../../arm-none-eabi/lib/thumb/v7e-m/fpv5/hard\libc_nano.a(lib_a-memchr.o)
                0x00000000080002e0                memchr
 .text          0x0000000008000380       0x30 d:/st/stm32cubeide_1.4.0/stm32cubeide/plugins/com.st.stm32cube.ide.mcu.externaltools.gnu-tools-for-stm32.7-2018-q2-update.win32_1.4.0.202007081208/tools/bin/../lib/gcc/arm-none-eabi/7.3.1/thumb/v7e-m/fpv5/hard\libgcc.a(_aeabi_uldivmod.o)
                0x0000000008000380                __aeabi_uldivmod
 .text          0x00000000080003b0      0x2cc d:/st/stm32cubeide_1.4.0/stm32cubeide/plugins/com.st.stm32cube.ide.mcu.externaltools.gnu-tools-for-stm32.7-2018-q2-update.win32_1.4.0.202007081208/tools/bin/../lib/gcc/arm-none-eabi/7.3.1/thumb/v7e-m/fpv5/hard\libgcc.a(_udivmoddi4.o)
                0x00000000080003b0                __udivmoddi4
 .text          0x000000000800067c        0x4 d:/st/stm32cubeide_1.4.0/stm32cubeide/plugins/com.st.stm32cube.ide.mcu.externaltools.gnu-tools-for-stm32.7-2018-q2-update.win32_1.4.0.202007081208/tools/bin/../lib/gcc/arm-none-eabi/7.3.1/thumb/v7e-m/fpv5/hard\libgcc.a(_dvmd_tls.o)
                0x000000000800067c                __aeabi_idiv0
                0x000000000800067c                __aeabi_ldiv0
 *(.text*)
 .text.TurnOnLedBlue
                0x0000000008000680       0x44 Core/Src/main.o
                0x0000000008000680                TurnOnLedBlue
 .text.TurnOffLedBlue
                0x00000000080006c4       0x18 Core/Src/main.o
                0x00000000080006c4                TurnOffLedBlue
 .text.TurnOnLedRed
                0x00000000080006dc       0x48 Core/Src/main.o
                0x00000000080006dc                TurnOnLedRed
 .text.TurnOffLedRed
                0x0000000008000724       0x18 Core/Src/main.o
                0x0000000008000724                TurnOffLedRed
 .text.TurnOnLedYellow
                0x000000000800073c       0x44 Core/Src/main.o
                0x000000000800073c                TurnOnLedYellow
 .text.TurnOffLedYellow
                0x0000000008000780       0x18 Core/Src/main.o
                0x0000000008000780                TurnOffLedYellow
 .text.updateTime
                0x0000000008000798       0xe4 Core/Src/main.o
                0x0000000008000798                updateTime
 .text.printTimeAdjust
                0x000000000800087c       0xb8 Core/Src/main.o
                0x000000000800087c                printTimeAdjust
 .text.setHour  0x0000000008000934       0xac Core/Src/main.o
                0x0000000008000934                setHour
 .text.setMinute
                0x00000000080009e0       0x60 Core/Src/main.o
                0x00000000080009e0                setMinute
 .text.setSecond
                0x0000000008000a40       0x60 Core/Src/main.o
                0x0000000008000a40                setSecond
 .text.displayClock
                0x0000000008000aa0       0x54 Core/Src/main.o
                0x0000000008000aa0                displayClock
 .text.normalClock
                0x0000000008000af4       0xc8 Core/Src/main.o
                0x0000000008000af4                normalClock
 .text.printClock
                0x0000000008000bbc       0x4c Core/Src/main.o
                0x0000000008000bbc                printClock
 .text.printStopWatchTime
                0x0000000008000c08       0x58 Core/Src/main.o
                0x0000000008000c08                printStopWatchTime
 .text.stopWatch
                0x0000000008000c60      0x118 Core/Src/main.o
                0x0000000008000c60                stopWatch
 .text.readButtonMode
                0x0000000008000d78       0x60 Core/Src/main.o
                0x0000000008000d78                readButtonMode
 .text.readButtonAdjust
                0x0000000008000dd8      0x14c Core/Src/main.o
                0x0000000008000dd8                readButtonAdjust
 .text.SetGlobalMode
                0x0000000008000f24      0x110 Core/Src/main.o
                0x0000000008000f24                SetGlobalMode
 .text.main     0x0000000008001034       0x78 Core/Src/main.o
                0x0000000008001034                main
 .text.SystemClock_Config
                0x00000000080010ac      0x170 Core/Src/main.o
                0x00000000080010ac                SystemClock_Config
 .text.MX_ETH_Init
                0x000000000800121c       0xa4 Core/Src/main.o
 .text.MX_TIM16_Init
                0x00000000080012c0       0x4c Core/Src/main.o
 .text.MX_USART3_UART_Init
                0x000000000800130c       0x98 Core/Src/main.o
 .text.MX_USB_OTG_FS_PCD_Init
                0x00000000080013a4       0x64 Core/Src/main.o
 .text.MX_GPIO_Init
                0x0000000008001408      0x184 Core/Src/main.o
 .text.HAL_TIM_PeriodElapsedCallback
                0x000000000800158c       0x24 Core/Src/main.o
                0x000000000800158c                HAL_TIM_PeriodElapsedCallback
 .text.Error_Handler
                0x00000000080015b0        0xe Core/Src/main.o
                0x00000000080015b0                Error_Handler
 *fill*         0x00000000080015be        0x2 
 .text.HAL_MspInit
                0x00000000080015c0       0x34 Core/Src/stm32h7xx_hal_msp.o
                0x00000000080015c0                HAL_MspInit
 .text.HAL_ETH_MspInit
                0x00000000080015f4      0x19c Core/Src/stm32h7xx_hal_msp.o
                0x00000000080015f4                HAL_ETH_MspInit
 .text.HAL_TIM_Base_MspInit
                0x0000000008001790       0x50 Core/Src/stm32h7xx_hal_msp.o
                0x0000000008001790                HAL_TIM_Base_MspInit
 .text.HAL_UART_MspInit
                0x00000000080017e0       0x94 Core/Src/stm32h7xx_hal_msp.o
                0x00000000080017e0                HAL_UART_MspInit
 .text.HAL_PCD_MspInit
                0x0000000008001874       0xb0 Core/Src/stm32h7xx_hal_msp.o
                0x0000000008001874                HAL_PCD_MspInit
 .text.NMI_Handler
                0x0000000008001924        0xe Core/Src/stm32h7xx_it.o
                0x0000000008001924                NMI_Handler
 .text.HardFault_Handler
                0x0000000008001932        0x6 Core/Src/stm32h7xx_it.o
                0x0000000008001932                HardFault_Handler
 .text.MemManage_Handler
                0x0000000008001938        0x6 Core/Src/stm32h7xx_it.o
                0x0000000008001938                MemManage_Handler
 .text.BusFault_Handler
                0x000000000800193e        0x6 Core/Src/stm32h7xx_it.o
                0x000000000800193e                BusFault_Handler
 .text.UsageFault_Handler
                0x0000000008001944        0x6 Core/Src/stm32h7xx_it.o
                0x0000000008001944                UsageFault_Handler
 .text.SVC_Handler
                0x000000000800194a        0xe Core/Src/stm32h7xx_it.o
                0x000000000800194a                SVC_Handler
 .text.DebugMon_Handler
                0x0000000008001958        0xe Core/Src/stm32h7xx_it.o
                0x0000000008001958                DebugMon_Handler
 .text.PendSV_Handler
                0x0000000008001966        0xe Core/Src/stm32h7xx_it.o
                0x0000000008001966                PendSV_Handler
 .text.SysTick_Handler
                0x0000000008001974        0xc Core/Src/stm32h7xx_it.o
                0x0000000008001974                SysTick_Handler
 .text.TIM16_IRQHandler
                0x0000000008001980       0x14 Core/Src/stm32h7xx_it.o
                0x0000000008001980                TIM16_IRQHandler
 .text._sbrk    0x0000000008001994       0x6c Core/Src/sysmem.o
                0x0000000008001994                _sbrk
 .text.SystemInit
                0x0000000008001a00      0x118 Core/Src/system_stm32h7xx.o
                0x0000000008001a00                SystemInit
 .text.Reset_Handler
                0x0000000008001b18       0x50 Core/Startup/startup_stm32h743zitx.o
                0x0000000008001b18                Reset_Handler
 .text.Default_Handler
                0x0000000008001b68        0x2 Core/Startup/startup_stm32h743zitx.o
                0x0000000008001b68                RTC_Alarm_IRQHandler
                0x0000000008001b68                EXTI2_IRQHandler
                0x0000000008001b68                TIM8_CC_IRQHandler
                0x0000000008001b68                HRTIM1_Master_IRQHandler
                0x0000000008001b68                UART8_IRQHandler
                0x0000000008001b68                SPI4_IRQHandler
                0x0000000008001b68                TIM1_CC_IRQHandler
                0x0000000008001b68                BDMA_Channel6_IRQHandler
                0x0000000008001b68                DMA2_Stream5_IRQHandler
                0x0000000008001b68                HRTIM1_FLT_IRQHandler
                0x0000000008001b68                JPEG_IRQHandler
                0x0000000008001b68                DMA1_Stream5_IRQHandler
                0x0000000008001b68                BDMA_Channel1_IRQHandler
                0x0000000008001b68                HRTIM1_TIMD_IRQHandler
                0x0000000008001b68                TAMP_STAMP_IRQHandler
                0x0000000008001b68                EXTI3_IRQHandler
                0x0000000008001b68                LPTIM4_IRQHandler
                0x0000000008001b68                TIM8_TRG_COM_TIM14_IRQHandler
                0x0000000008001b68                LPTIM2_IRQHandler
                0x0000000008001b68                DFSDM1_FLT1_IRQHandler
                0x0000000008001b68                DMAMUX2_OVR_IRQHandler
                0x0000000008001b68                TIM8_UP_TIM13_IRQHandler
                0x0000000008001b68                I2C3_ER_IRQHandler
                0x0000000008001b68                DFSDM1_FLT2_IRQHandler
                0x0000000008001b68                MDMA_IRQHandler
                0x0000000008001b68                LPTIM3_IRQHandler
                0x0000000008001b68                HSEM1_IRQHandler
                0x0000000008001b68                EXTI0_IRQHandler
                0x0000000008001b68                I2C2_EV_IRQHandler
                0x0000000008001b68                DMA1_Stream2_IRQHandler
                0x0000000008001b68                FPU_IRQHandler
                0x0000000008001b68                OTG_HS_WKUP_IRQHandler
                0x0000000008001b68                FDCAN1_IT1_IRQHandler
                0x0000000008001b68                LTDC_ER_IRQHandler
                0x0000000008001b68                DMA2_Stream2_IRQHandler
                0x0000000008001b68                HRTIM1_TIME_IRQHandler
                0x0000000008001b68                SPI1_IRQHandler
                0x0000000008001b68                TIM6_DAC_IRQHandler
                0x0000000008001b68                DCMI_IRQHandler
                0x0000000008001b68                HRTIM1_TIMC_IRQHandler
                0x0000000008001b68                DMA2_Stream3_IRQHandler
                0x0000000008001b68                SAI2_IRQHandler
                0x0000000008001b68                DFSDM1_FLT3_IRQHandler
                0x0000000008001b68                USART6_IRQHandler
                0x0000000008001b68                TIM17_IRQHandler
                0x0000000008001b68                USART3_IRQHandler
                0x0000000008001b68                BDMA_Channel7_IRQHandler
                0x0000000008001b68                LPTIM5_IRQHandler
                0x0000000008001b68                UART5_IRQHandler
                0x0000000008001b68                ADC3_IRQHandler
                0x0000000008001b68                DMA2_Stream0_IRQHandler
                0x0000000008001b68                TIM4_IRQHandler
                0x0000000008001b68                BDMA_Channel2_IRQHandler
                0x0000000008001b68                QUADSPI_IRQHandler
                0x0000000008001b68                I2C1_EV_IRQHandler
                0x0000000008001b68                DMA1_Stream6_IRQHandler
                0x0000000008001b68                DMAMUX1_OVR_IRQHandler
                0x0000000008001b68                DMA1_Stream1_IRQHandler
                0x0000000008001b68                UART4_IRQHandler
                0x0000000008001b68                BDMA_Channel5_IRQHandler
                0x0000000008001b68                TIM3_IRQHandler
                0x0000000008001b68                RCC_IRQHandler
                0x0000000008001b68                TIM8_BRK_TIM12_IRQHandler
                0x0000000008001b68                TIM1_TRG_COM_IRQHandler
                0x0000000008001b68                Default_Handler
                0x0000000008001b68                ECC_IRQHandler
                0x0000000008001b68                CEC_IRQHandler
                0x0000000008001b68                EXTI15_10_IRQHandler
                0x0000000008001b68                BDMA_Channel0_IRQHandler
                0x0000000008001b68                ADC_IRQHandler
                0x0000000008001b68                DMA1_Stream7_IRQHandler
                0x0000000008001b68                HRTIM1_TIMA_IRQHandler
                0x0000000008001b68                SPI5_IRQHandler
                0x0000000008001b68                TIM7_IRQHandler
                0x0000000008001b68                SDMMC1_IRQHandler
                0x0000000008001b68                TIM5_IRQHandler
                0x0000000008001b68                DMA2_Stream7_IRQHandler
                0x0000000008001b68                TIM15_IRQHandler
                0x0000000008001b68                PVD_AVD_IRQHandler
                0x0000000008001b68                I2C3_EV_IRQHandler
                0x0000000008001b68                EXTI9_5_IRQHandler
                0x0000000008001b68                RTC_WKUP_IRQHandler
                0x0000000008001b68                LTDC_IRQHandler
                0x0000000008001b68                SAI3_IRQHandler
                0x0000000008001b68                ETH_WKUP_IRQHandler
                0x0000000008001b68                SPDIF_RX_IRQHandler
                0x0000000008001b68                SPI2_IRQHandler
                0x0000000008001b68                OTG_HS_EP1_IN_IRQHandler
                0x0000000008001b68                DMA1_Stream0_IRQHandler
                0x0000000008001b68                CRS_IRQHandler
                0x0000000008001b68                EXTI4_IRQHandler
                0x0000000008001b68                RNG_IRQHandler
                0x0000000008001b68                HRTIM1_TIMB_IRQHandler
                0x0000000008001b68                FDCAN2_IT1_IRQHandler
                0x0000000008001b68                ETH_IRQHandler
                0x0000000008001b68                TIM1_UP_IRQHandler
                0x0000000008001b68                BDMA_Channel4_IRQHandler
                0x0000000008001b68                OTG_HS_EP1_OUT_IRQHandler
                0x0000000008001b68                WWDG_IRQHandler
                0x0000000008001b68                SPI6_IRQHandler
                0x0000000008001b68                MDIOS_IRQHandler
                0x0000000008001b68                I2C4_EV_IRQHandler
                0x0000000008001b68                FDCAN2_IT0_IRQHandler
                0x0000000008001b68                LPUART1_IRQHandler
                0x0000000008001b68                FDCAN1_IT0_IRQHandler
                0x0000000008001b68                TIM2_IRQHandler
                0x0000000008001b68                OTG_FS_WKUP_IRQHandler
                0x0000000008001b68                OTG_HS_IRQHandler
                0x0000000008001b68                DMA2D_IRQHandler
                0x0000000008001b68                TIM1_BRK_IRQHandler
                0x0000000008001b68                EXTI1_IRQHandler
                0x0000000008001b68                SDMMC2_IRQHandler
                0x0000000008001b68                OTG_FS_EP1_OUT_IRQHandler
                0x0000000008001b68                BDMA_Channel3_IRQHandler
                0x0000000008001b68                UART7_IRQHandler
                0x0000000008001b68                MDIOS_WKUP_IRQHandler
                0x0000000008001b68                USART2_IRQHandler
                0x0000000008001b68                DFSDM1_FLT0_IRQHandler
                0x0000000008001b68                SAI4_IRQHandler
                0x0000000008001b68                I2C2_ER_IRQHandler
                0x0000000008001b68                DMA2_Stream1_IRQHandler
                0x0000000008001b68                FLASH_IRQHandler
                0x0000000008001b68                DMA2_Stream4_IRQHandler
                0x0000000008001b68                USART1_IRQHandler
                0x0000000008001b68                OTG_FS_IRQHandler
                0x0000000008001b68                SPI3_IRQHandler
                0x0000000008001b68                WAKEUP_PIN_IRQHandler
                0x0000000008001b68                DMA1_Stream4_IRQHandler
                0x0000000008001b68                OTG_FS_EP1_IN_IRQHandler
                0x0000000008001b68                I2C1_ER_IRQHandler
                0x0000000008001b68                FMC_IRQHandler
                0x0000000008001b68                FDCAN_CAL_IRQHandler
                0x0000000008001b68                SWPMI1_IRQHandler
                0x0000000008001b68                COMP1_IRQHandler
                0x0000000008001b68                LPTIM1_IRQHandler
                0x0000000008001b68                I2C4_ER_IRQHandler
                0x0000000008001b68                DMA2_Stream6_IRQHandler
                0x0000000008001b68                SAI1_IRQHandler
                0x0000000008001b68                DMA1_Stream3_IRQHandler
 *fill*         0x0000000008001b6a        0x2 
 .text.HAL_Init
                0x0000000008001b6c       0x78 Drivers/STM32H7xx_HAL_Driver/Src/stm32h7xx_hal.o
                0x0000000008001b6c                HAL_Init
 .text.HAL_InitTick
                0x0000000008001be4       0x6c Drivers/STM32H7xx_HAL_Driver/Src/stm32h7xx_hal.o
                0x0000000008001be4                HAL_InitTick
 .text.HAL_IncTick
                0x0000000008001c50       0x28 Drivers/STM32H7xx_HAL_Driver/Src/stm32h7xx_hal.o
                0x0000000008001c50                HAL_IncTick
 .text.HAL_GetTick
                0x0000000008001c78       0x18 Drivers/STM32H7xx_HAL_Driver/Src/stm32h7xx_hal.o
                0x0000000008001c78                HAL_GetTick
 .text.HAL_Delay
                0x0000000008001c90       0x44 Drivers/STM32H7xx_HAL_Driver/Src/stm32h7xx_hal.o
                0x0000000008001c90                HAL_Delay
 .text.HAL_GetREVID
                0x0000000008001cd4       0x18 Drivers/STM32H7xx_HAL_Driver/Src/stm32h7xx_hal.o
                0x0000000008001cd4                HAL_GetREVID
 .text.HAL_SYSCFG_ETHInterfaceSelect
                0x0000000008001cec       0x28 Drivers/STM32H7xx_HAL_Driver/Src/stm32h7xx_hal.o
                0x0000000008001cec                HAL_SYSCFG_ETHInterfaceSelect
 .text.__NVIC_SetPriorityGrouping
                0x0000000008001d14       0x48 Drivers/STM32H7xx_HAL_Driver/Src/stm32h7xx_hal_cortex.o
 .text.__NVIC_GetPriorityGrouping
                0x0000000008001d5c       0x1c Drivers/STM32H7xx_HAL_Driver/Src/stm32h7xx_hal_cortex.o
 .text.__NVIC_EnableIRQ
                0x0000000008001d78       0x3c Drivers/STM32H7xx_HAL_Driver/Src/stm32h7xx_hal_cortex.o
 .text.__NVIC_SetPriority
                0x0000000008001db4       0x54 Drivers/STM32H7xx_HAL_Driver/Src/stm32h7xx_hal_cortex.o
 .text.NVIC_EncodePriority
                0x0000000008001e08       0x66 Drivers/STM32H7xx_HAL_Driver/Src/stm32h7xx_hal_cortex.o
 *fill*         0x0000000008001e6e        0x2 
 .text.SysTick_Config
                0x0000000008001e70       0x44 Drivers/STM32H7xx_HAL_Driver/Src/stm32h7xx_hal_cortex.o
 .text.HAL_NVIC_SetPriorityGrouping
                0x0000000008001eb4       0x16 Drivers/STM32H7xx_HAL_Driver/Src/stm32h7xx_hal_cortex.o
                0x0000000008001eb4                HAL_NVIC_SetPriorityGrouping
 .text.HAL_NVIC_SetPriority
                0x0000000008001eca       0x34 Drivers/STM32H7xx_HAL_Driver/Src/stm32h7xx_hal_cortex.o
                0x0000000008001eca                HAL_NVIC_SetPriority
 .text.HAL_NVIC_EnableIRQ
                0x0000000008001efe       0x1c Drivers/STM32H7xx_HAL_Driver/Src/stm32h7xx_hal_cortex.o
                0x0000000008001efe                HAL_NVIC_EnableIRQ
 .text.HAL_SYSTICK_Config
                0x0000000008001f1a       0x18 Drivers/STM32H7xx_HAL_Driver/Src/stm32h7xx_hal_cortex.o
                0x0000000008001f1a                HAL_SYSTICK_Config
 *fill*         0x0000000008001f32        0x2 
 .text.HAL_ETH_Init
                0x0000000008001f34      0x1b4 Drivers/STM32H7xx_HAL_Driver/Src/stm32h7xx_hal_eth.o
                0x0000000008001f34                HAL_ETH_Init
 .text.ETH_SetMACConfig
                0x00000000080020e8      0x238 Drivers/STM32H7xx_HAL_Driver/Src/stm32h7xx_hal_eth.o
 .text.ETH_SetDMAConfig
                0x0000000008002320      0x10c Drivers/STM32H7xx_HAL_Driver/Src/stm32h7xx_hal_eth.o
 .text.ETH_MACDMAConfig
                0x000000000800242c      0x13a Drivers/STM32H7xx_HAL_Driver/Src/stm32h7xx_hal_eth.o
 *fill*         0x0000000008002566        0x2 
 .text.ETH_MAC_MDIO_ClkConfig
                0x0000000008002568       0xb0 Drivers/STM32H7xx_HAL_Driver/Src/stm32h7xx_hal_eth.o
 .text.ETH_DMATxDescListInit
                0x0000000008002618       0x8e Drivers/STM32H7xx_HAL_Driver/Src/stm32h7xx_hal_eth.o
 .text.ETH_DMARxDescListInit
                0x00000000080026a6       0xba Drivers/STM32H7xx_HAL_Driver/Src/stm32h7xx_hal_eth.o
 .text.HAL_GPIO_Init
                0x0000000008002760      0x360 Drivers/STM32H7xx_HAL_Driver/Src/stm32h7xx_hal_gpio.o
                0x0000000008002760                HAL_GPIO_Init
 .text.HAL_GPIO_ReadPin
                0x0000000008002ac0       0x30 Drivers/STM32H7xx_HAL_Driver/Src/stm32h7xx_hal_gpio.o
                0x0000000008002ac0                HAL_GPIO_ReadPin
 .text.HAL_GPIO_WritePin
                0x0000000008002af0       0x32 Drivers/STM32H7xx_HAL_Driver/Src/stm32h7xx_hal_gpio.o
                0x0000000008002af0                HAL_GPIO_WritePin
 .text.HAL_PCD_Init
                0x0000000008002b22      0x248 Drivers/STM32H7xx_HAL_Driver/Src/stm32h7xx_hal_pcd.o
                0x0000000008002b22                HAL_PCD_Init
 *fill*         0x0000000008002d6a        0x2 
 .text.HAL_PCDEx_ActivateLPM
                0x0000000008002d6c       0x48 Drivers/STM32H7xx_HAL_Driver/Src/stm32h7xx_hal_pcd_ex.o
                0x0000000008002d6c                HAL_PCDEx_ActivateLPM
 .text.HAL_PWREx_ConfigSupply
                0x0000000008002db4       0x74 Drivers/STM32H7xx_HAL_Driver/Src/stm32h7xx_hal_pwr_ex.o
                0x0000000008002db4                HAL_PWREx_ConfigSupply
 .text.HAL_PWREx_EnableUSBVoltageDetector
                0x0000000008002e28       0x20 Drivers/STM32H7xx_HAL_Driver/Src/stm32h7xx_hal_pwr_ex.o
                0x0000000008002e28                HAL_PWREx_EnableUSBVoltageDetector
 .text.HAL_RCC_OscConfig
                0x0000000008002e48      0x820 Drivers/STM32H7xx_HAL_Driver/Src/stm32h7xx_hal_rcc.o
                0x0000000008002e48                HAL_RCC_OscConfig
 .text.HAL_RCC_ClockConfig
                0x0000000008003668      0x36c Drivers/STM32H7xx_HAL_Driver/Src/stm32h7xx_hal_rcc.o
                0x0000000008003668                HAL_RCC_ClockConfig
 .text.HAL_RCC_GetSysClockFreq
                0x00000000080039d4      0x2e4 Drivers/STM32H7xx_HAL_Driver/Src/stm32h7xx_hal_rcc.o
                0x00000000080039d4                HAL_RCC_GetSysClockFreq
 .text.HAL_RCC_GetHCLKFreq
                0x0000000008003cb8       0x60 Drivers/STM32H7xx_HAL_Driver/Src/stm32h7xx_hal_rcc.o
                0x0000000008003cb8                HAL_RCC_GetHCLKFreq
 .text.HAL_RCC_GetPCLK1Freq
                0x0000000008003d18       0x2c Drivers/STM32H7xx_HAL_Driver/Src/stm32h7xx_hal_rcc.o
                0x0000000008003d18                HAL_RCC_GetPCLK1Freq
 .text.HAL_RCC_GetPCLK2Freq
                0x0000000008003d44       0x2c Drivers/STM32H7xx_HAL_Driver/Src/stm32h7xx_hal_rcc.o
                0x0000000008003d44                HAL_RCC_GetPCLK2Freq
 .text.HAL_RCCEx_PeriphCLKConfig
                0x0000000008003d70      0xddc Drivers/STM32H7xx_HAL_Driver/Src/stm32h7xx_hal_rcc_ex.o
                0x0000000008003d70                HAL_RCCEx_PeriphCLKConfig
 .text.HAL_RCCEx_GetD3PCLK1Freq
                0x0000000008004b4c       0x2c Drivers/STM32H7xx_HAL_Driver/Src/stm32h7xx_hal_rcc_ex.o
                0x0000000008004b4c                HAL_RCCEx_GetD3PCLK1Freq
 .text.HAL_RCCEx_GetPLL2ClockFreq
                0x0000000008004b78      0x298 Drivers/STM32H7xx_HAL_Driver/Src/stm32h7xx_hal_rcc_ex.o
                0x0000000008004b78                HAL_RCCEx_GetPLL2ClockFreq
 .text.HAL_RCCEx_GetPLL3ClockFreq
                0x0000000008004e10      0x298 Drivers/STM32H7xx_HAL_Driver/Src/stm32h7xx_hal_rcc_ex.o
                0x0000000008004e10                HAL_RCCEx_GetPLL3ClockFreq
 .text.RCCEx_PLL2_Config
                0x00000000080050a8      0x164 Drivers/STM32H7xx_HAL_Driver/Src/stm32h7xx_hal_rcc_ex.o
 .text.RCCEx_PLL3_Config
                0x000000000800520c      0x164 Drivers/STM32H7xx_HAL_Driver/Src/stm32h7xx_hal_rcc_ex.o
 .text.HAL_TIM_Base_Init
                0x0000000008005370       0xae Drivers/STM32H7xx_HAL_Driver/Src/stm32h7xx_hal_tim.o
                0x0000000008005370                HAL_TIM_Base_Init
 *fill*         0x000000000800541e        0x2 
 .text.HAL_TIM_Base_Start_IT
                0x0000000008005420       0x6c Drivers/STM32H7xx_HAL_Driver/Src/stm32h7xx_hal_tim.o
                0x0000000008005420                HAL_TIM_Base_Start_IT
 .text.HAL_TIM_IRQHandler
                0x000000000800548c      0x23e Drivers/STM32H7xx_HAL_Driver/Src/stm32h7xx_hal_tim.o
                0x000000000800548c                HAL_TIM_IRQHandler
 .text.HAL_TIM_OC_DelayElapsedCallback
                0x00000000080056ca       0x14 Drivers/STM32H7xx_HAL_Driver/Src/stm32h7xx_hal_tim.o
                0x00000000080056ca                HAL_TIM_OC_DelayElapsedCallback
 .text.HAL_TIM_IC_CaptureCallback
                0x00000000080056de       0x14 Drivers/STM32H7xx_HAL_Driver/Src/stm32h7xx_hal_tim.o
                0x00000000080056de                HAL_TIM_IC_CaptureCallback
 .text.HAL_TIM_PWM_PulseFinishedCallback
                0x00000000080056f2       0x14 Drivers/STM32H7xx_HAL_Driver/Src/stm32h7xx_hal_tim.o
                0x00000000080056f2                HAL_TIM_PWM_PulseFinishedCallback
 .text.HAL_TIM_TriggerCallback
                0x0000000008005706       0x14 Drivers/STM32H7xx_HAL_Driver/Src/stm32h7xx_hal_tim.o
                0x0000000008005706                HAL_TIM_TriggerCallback
 *fill*         0x000000000800571a        0x2 
 .text.TIM_Base_SetConfig
                0x000000000800571c      0x134 Drivers/STM32H7xx_HAL_Driver/Src/stm32h7xx_hal_tim.o
                0x000000000800571c                TIM_Base_SetConfig
 .text.HAL_TIMEx_CommutCallback
                0x0000000008005850       0x14 Drivers/STM32H7xx_HAL_Driver/Src/stm32h7xx_hal_tim_ex.o
                0x0000000008005850                HAL_TIMEx_CommutCallback
 .text.HAL_TIMEx_BreakCallback
                0x0000000008005864       0x14 Drivers/STM32H7xx_HAL_Driver/Src/stm32h7xx_hal_tim_ex.o
                0x0000000008005864                HAL_TIMEx_BreakCallback
 .text.HAL_TIMEx_Break2Callback
                0x0000000008005878       0x14 Drivers/STM32H7xx_HAL_Driver/Src/stm32h7xx_hal_tim_ex.o
                0x0000000008005878                HAL_TIMEx_Break2Callback
 .text.HAL_UART_Init
                0x000000000800588c       0xa0 Drivers/STM32H7xx_HAL_Driver/Src/stm32h7xx_hal_uart.o
                0x000000000800588c                HAL_UART_Init
 .text.HAL_UART_Transmit
                0x000000000800592c      0x12c Drivers/STM32H7xx_HAL_Driver/Src/stm32h7xx_hal_uart.o
                0x000000000800592c                HAL_UART_Transmit
 .text.UART_SetConfig
                0x0000000008005a58      0xb60 Drivers/STM32H7xx_HAL_Driver/Src/stm32h7xx_hal_uart.o
                0x0000000008005a58                UART_SetConfig
 .text.UART_AdvFeatureConfig
                0x00000000080065b8      0x144 Drivers/STM32H7xx_HAL_Driver/Src/stm32h7xx_hal_uart.o
                0x00000000080065b8                UART_AdvFeatureConfig
 .text.UART_CheckIdleState
                0x00000000080066fc       0x90 Drivers/STM32H7xx_HAL_Driver/Src/stm32h7xx_hal_uart.o
                0x00000000080066fc                UART_CheckIdleState
 .text.UART_WaitOnFlagUntilTimeout
                0x000000000800678c      0x100 Drivers/STM32H7xx_HAL_Driver/Src/stm32h7xx_hal_uart.o
                0x000000000800678c                UART_WaitOnFlagUntilTimeout
 .text.HAL_UARTEx_DisableFifoMode
                0x000000000800688c       0x72 Drivers/STM32H7xx_HAL_Driver/Src/stm32h7xx_hal_uart_ex.o
                0x000000000800688c                HAL_UARTEx_DisableFifoMode
 .text.HAL_UARTEx_SetTxFifoThreshold
                0x00000000080068fe       0x7c Drivers/STM32H7xx_HAL_Driver/Src/stm32h7xx_hal_uart_ex.o
                0x00000000080068fe                HAL_UARTEx_SetTxFifoThreshold
 .text.HAL_UARTEx_SetRxFifoThreshold
                0x000000000800697a       0x7c Drivers/STM32H7xx_HAL_Driver/Src/stm32h7xx_hal_uart_ex.o
                0x000000000800697a                HAL_UARTEx_SetRxFifoThreshold
 *fill*         0x00000000080069f6        0x2 
 .text.UARTEx_SetNbDataToProcess
                0x00000000080069f8       0xd0 Drivers/STM32H7xx_HAL_Driver/Src/stm32h7xx_hal_uart_ex.o
 .text.USB_CoreInit
                0x0000000008006ac8       0xc4 Drivers/STM32H7xx_HAL_Driver/Src/stm32h7xx_ll_usb.o
                0x0000000008006ac8                USB_CoreInit
 .text.USB_DisableGlobalInt
                0x0000000008006b8c       0x22 Drivers/STM32H7xx_HAL_Driver/Src/stm32h7xx_ll_usb.o
                0x0000000008006b8c                USB_DisableGlobalInt
 .text.USB_SetCurrentMode
                0x0000000008006bae       0x54 Drivers/STM32H7xx_HAL_Driver/Src/stm32h7xx_ll_usb.o
                0x0000000008006bae                USB_SetCurrentMode
 *fill*         0x0000000008006c02        0x2 
 .text.USB_DevInit
                0x0000000008006c04      0x2bc Drivers/STM32H7xx_HAL_Driver/Src/stm32h7xx_ll_usb.o
                0x0000000008006c04                USB_DevInit
 .text.USB_FlushTxFifo
                0x0000000008006ec0       0x4c Drivers/STM32H7xx_HAL_Driver/Src/stm32h7xx_ll_usb.o
                0x0000000008006ec0                USB_FlushTxFifo
 .text.USB_FlushRxFifo
                0x0000000008006f0c       0x44 Drivers/STM32H7xx_HAL_Driver/Src/stm32h7xx_ll_usb.o
                0x0000000008006f0c                USB_FlushRxFifo
 .text.USB_SetDevSpeed
                0x0000000008006f50       0x32 Drivers/STM32H7xx_HAL_Driver/Src/stm32h7xx_ll_usb.o
                0x0000000008006f50                USB_SetDevSpeed
 .text.USB_DevDisconnect
                0x0000000008006f82       0x30 Drivers/STM32H7xx_HAL_Driver/Src/stm32h7xx_ll_usb.o
                0x0000000008006f82                USB_DevDisconnect
 *fill*         0x0000000008006fb2        0x2 
 .text.USB_CoreReset
                0x0000000008006fb4       0x68 Drivers/STM32H7xx_HAL_Driver/Src/stm32h7xx_ll_usb.o
 .text.__errno  0x000000000800701c        0xc d:/st/stm32cubeide_1.4.0/stm32cubeide/plugins/com.st.stm32cube.ide.mcu.externaltools.gnu-tools-for-stm32.7-2018-q2-update.win32_1.4.0.202007081208/tools/bin/../lib/gcc/arm-none-eabi/7.3.1/../../../../arm-none-eabi/lib/thumb/v7e-m/fpv5/hard\libc_nano.a(lib_a-errno.o)
                0x000000000800701c                __errno
 .text.__libc_init_array
                0x0000000008007028       0x48 d:/st/stm32cubeide_1.4.0/stm32cubeide/plugins/com.st.stm32cube.ide.mcu.externaltools.gnu-tools-for-stm32.7-2018-q2-update.win32_1.4.0.202007081208/tools/bin/../lib/gcc/arm-none-eabi/7.3.1/../../../../arm-none-eabi/lib/thumb/v7e-m/fpv5/hard\libc_nano.a(lib_a-init.o)
                0x0000000008007028                __libc_init_array
 .text.memset   0x0000000008007070       0x10 d:/st/stm32cubeide_1.4.0/stm32cubeide/plugins/com.st.stm32cube.ide.mcu.externaltools.gnu-tools-for-stm32.7-2018-q2-update.win32_1.4.0.202007081208/tools/bin/../lib/gcc/arm-none-eabi/7.3.1/../../../../arm-none-eabi/lib/thumb/v7e-m/fpv5/hard\libc_nano.a(lib_a-memset.o)
                0x0000000008007070                memset
 .text.sprintf  0x0000000008007080       0x40 d:/st/stm32cubeide_1.4.0/stm32cubeide/plugins/com.st.stm32cube.ide.mcu.externaltools.gnu-tools-for-stm32.7-2018-q2-update.win32_1.4.0.202007081208/tools/bin/../lib/gcc/arm-none-eabi/7.3.1/../../../../arm-none-eabi/lib/thumb/v7e-m/fpv5/hard\libc_nano.a(lib_a-sprintf.o)
                0x0000000008007080                siprintf
                0x0000000008007080                sprintf
 .text.__ssputs_r
                0x00000000080070c0       0xb4 d:/st/stm32cubeide_1.4.0/stm32cubeide/plugins/com.st.stm32cube.ide.mcu.externaltools.gnu-tools-for-stm32.7-2018-q2-update.win32_1.4.0.202007081208/tools/bin/../lib/gcc/arm-none-eabi/7.3.1/../../../../arm-none-eabi/lib/thumb/v7e-m/fpv5/hard\libc_nano.a(lib_a-nano-svfprintf.o)
                0x00000000080070c0                __ssputs_r
 .text._svfprintf_r
                0x0000000008007174      0x1f0 d:/st/stm32cubeide_1.4.0/stm32cubeide/plugins/com.st.stm32cube.ide.mcu.externaltools.gnu-tools-for-stm32.7-2018-q2-update.win32_1.4.0.202007081208/tools/bin/../lib/gcc/arm-none-eabi/7.3.1/../../../../arm-none-eabi/lib/thumb/v7e-m/fpv5/hard\libc_nano.a(lib_a-nano-svfprintf.o)
                0x0000000008007174                _svfiprintf_r
                0x0000000008007174                _svfprintf_r
 .text._printf_common
                0x0000000008007364       0xea d:/st/stm32cubeide_1.4.0/stm32cubeide/plugins/com.st.stm32cube.ide.mcu.externaltools.gnu-tools-for-stm32.7-2018-q2-update.win32_1.4.0.202007081208/tools/bin/../lib/gcc/arm-none-eabi/7.3.1/../../../../arm-none-eabi/lib/thumb/v7e-m/fpv5/hard\libc_nano.a(lib_a-nano-vfprintf_i.o)
                0x0000000008007364                _printf_common
 *fill*         0x000000000800744e        0x2 
 .text._printf_i
                0x0000000008007450      0x224 d:/st/stm32cubeide_1.4.0/stm32cubeide/plugins/com.st.stm32cube.ide.mcu.externaltools.gnu-tools-for-stm32.7-2018-q2-update.win32_1.4.0.202007081208/tools/bin/../lib/gcc/arm-none-eabi/7.3.1/../../../../arm-none-eabi/lib/thumb/v7e-m/fpv5/hard\libc_nano.a(lib_a-nano-vfprintf_i.o)
                0x0000000008007450                _printf_i
 .text.memcpy   0x0000000008007674       0x16 d:/st/stm32cubeide_1.4.0/stm32cubeide/plugins/com.st.stm32cube.ide.mcu.externaltools.gnu-tools-for-stm32.7-2018-q2-update.win32_1.4.0.202007081208/tools/bin/../lib/gcc/arm-none-eabi/7.3.1/../../../../arm-none-eabi/lib/thumb/v7e-m/fpv5/hard\libc_nano.a(lib_a-memcpy-stub.o)
                0x0000000008007674                memcpy
 .text.memmove  0x000000000800768a       0x32 d:/st/stm32cubeide_1.4.0/stm32cubeide/plugins/com.st.stm32cube.ide.mcu.externaltools.gnu-tools-for-stm32.7-2018-q2-update.win32_1.4.0.202007081208/tools/bin/../lib/gcc/arm-none-eabi/7.3.1/../../../../arm-none-eabi/lib/thumb/v7e-m/fpv5/hard\libc_nano.a(lib_a-memmove.o)
                0x000000000800768a                memmove
 .text._free_r  0x00000000080076bc       0x9c d:/st/stm32cubeide_1.4.0/stm32cubeide/plugins/com.st.stm32cube.ide.mcu.externaltools.gnu-tools-for-stm32.7-2018-q2-update.win32_1.4.0.202007081208/tools/bin/../lib/gcc/arm-none-eabi/7.3.1/../../../../arm-none-eabi/lib/thumb/v7e-m/fpv5/hard\libc_nano.a(lib_a-nano-freer.o)
                0x00000000080076bc                _free_r
 .text._malloc_r
                0x0000000008007758       0xb4 d:/st/stm32cubeide_1.4.0/stm32cubeide/plugins/com.st.stm32cube.ide.mcu.externaltools.gnu-tools-for-stm32.7-2018-q2-update.win32_1.4.0.202007081208/tools/bin/../lib/gcc/arm-none-eabi/7.3.1/../../../../arm-none-eabi/lib/thumb/v7e-m/fpv5/hard\libc_nano.a(lib_a-nano-mallocr.o)
                0x0000000008007758                _malloc_r
 .text._realloc_r
                0x000000000800780c       0x4c d:/st/stm32cubeide_1.4.0/stm32cubeide/plugins/com.st.stm32cube.ide.mcu.externaltools.gnu-tools-for-stm32.7-2018-q2-update.win32_1.4.0.202007081208/tools/bin/../lib/gcc/arm-none-eabi/7.3.1/../../../../arm-none-eabi/lib/thumb/v7e-m/fpv5/hard\libc_nano.a(lib_a-nano-reallocr.o)
                0x000000000800780c                _realloc_r
 .text._sbrk_r  0x0000000008007858       0x20 d:/st/stm32cubeide_1.4.0/stm32cubeide/plugins/com.st.stm32cube.ide.mcu.externaltools.gnu-tools-for-stm32.7-2018-q2-update.win32_1.4.0.202007081208/tools/bin/../lib/gcc/arm-none-eabi/7.3.1/../../../../arm-none-eabi/lib/thumb/v7e-m/fpv5/hard\libc_nano.a(lib_a-sbrkr.o)
                0x0000000008007858                _sbrk_r
 .text.__malloc_lock
                0x0000000008007878        0x2 d:/st/stm32cubeide_1.4.0/stm32cubeide/plugins/com.st.stm32cube.ide.mcu.externaltools.gnu-tools-for-stm32.7-2018-q2-update.win32_1.4.0.202007081208/tools/bin/../lib/gcc/arm-none-eabi/7.3.1/../../../../arm-none-eabi/lib/thumb/v7e-m/fpv5/hard\libc_nano.a(lib_a-mlock.o)
                0x0000000008007878                __malloc_lock
 .text.__malloc_unlock
                0x000000000800787a        0x2 d:/st/stm32cubeide_1.4.0/stm32cubeide/plugins/com.st.stm32cube.ide.mcu.externaltools.gnu-tools-for-stm32.7-2018-q2-update.win32_1.4.0.202007081208/tools/bin/../lib/gcc/arm-none-eabi/7.3.1/../../../../arm-none-eabi/lib/thumb/v7e-m/fpv5/hard\libc_nano.a(lib_a-mlock.o)
                0x000000000800787a                __malloc_unlock
 .text._malloc_usable_size_r
                0x000000000800787c       0x10 d:/st/stm32cubeide_1.4.0/stm32cubeide/plugins/com.st.stm32cube.ide.mcu.externaltools.gnu-tools-for-stm32.7-2018-q2-update.win32_1.4.0.202007081208/tools/bin/../lib/gcc/arm-none-eabi/7.3.1/../../../../arm-none-eabi/lib/thumb/v7e-m/fpv5/hard\libc_nano.a(lib_a-nano-msizer.o)
                0x000000000800787c                _malloc_usable_size_r
 *(.glue_7)
 .glue_7        0x000000000800788c        0x0 linker stubs
 *(.glue_7t)
 .glue_7t       0x000000000800788c        0x0 linker stubs
 *(.eh_frame)
 .eh_frame      0x000000000800788c        0x0 d:/st/stm32cubeide_1.4.0/stm32cubeide/plugins/com.st.stm32cube.ide.mcu.externaltools.gnu-tools-for-stm32.7-2018-q2-update.win32_1.4.0.202007081208/tools/bin/../lib/gcc/arm-none-eabi/7.3.1/thumb/v7e-m/fpv5/hard/crtbegin.o
 *(.init)
 .init          0x000000000800788c        0x4 d:/st/stm32cubeide_1.4.0/stm32cubeide/plugins/com.st.stm32cube.ide.mcu.externaltools.gnu-tools-for-stm32.7-2018-q2-update.win32_1.4.0.202007081208/tools/bin/../lib/gcc/arm-none-eabi/7.3.1/thumb/v7e-m/fpv5/hard/crti.o
                0x000000000800788c                _init
 .init          0x0000000008007890        0x8 d:/st/stm32cubeide_1.4.0/stm32cubeide/plugins/com.st.stm32cube.ide.mcu.externaltools.gnu-tools-for-stm32.7-2018-q2-update.win32_1.4.0.202007081208/tools/bin/../lib/gcc/arm-none-eabi/7.3.1/thumb/v7e-m/fpv5/hard/crtn.o
 *(.fini)
 .fini          0x0000000008007898        0x4 d:/st/stm32cubeide_1.4.0/stm32cubeide/plugins/com.st.stm32cube.ide.mcu.externaltools.gnu-tools-for-stm32.7-2018-q2-update.win32_1.4.0.202007081208/tools/bin/../lib/gcc/arm-none-eabi/7.3.1/thumb/v7e-m/fpv5/hard/crti.o
                0x0000000008007898                _fini
 .fini          0x000000000800789c        0x8 d:/st/stm32cubeide_1.4.0/stm32cubeide/plugins/com.st.stm32cube.ide.mcu.externaltools.gnu-tools-for-stm32.7-2018-q2-update.win32_1.4.0.202007081208/tools/bin/../lib/gcc/arm-none-eabi/7.3.1/thumb/v7e-m/fpv5/hard/crtn.o
                0x00000000080078a4                . = ALIGN (0x4)
                0x00000000080078a4                _etext = .

.vfp11_veneer   0x00000000080078a4        0x0
 .vfp11_veneer  0x00000000080078a4        0x0 linker stubs

.v4_bx          0x00000000080078a4        0x0
 .v4_bx         0x00000000080078a4        0x0 linker stubs

.iplt           0x00000000080078a4        0x0
 .iplt          0x00000000080078a4        0x0 d:/st/stm32cubeide_1.4.0/stm32cubeide/plugins/com.st.stm32cube.ide.mcu.externaltools.gnu-tools-for-stm32.7-2018-q2-update.win32_1.4.0.202007081208/tools/bin/../lib/gcc/arm-none-eabi/7.3.1/thumb/v7e-m/fpv5/hard/crtbegin.o

.rodata         0x00000000080078a4       0x94
                0x00000000080078a4                . = ALIGN (0x4)
 *(.rodata)
 .rodata        0x00000000080078a4       0x28 Core/Src/main.o
 .rodata        0x00000000080078cc       0x10 Drivers/STM32H7xx_HAL_Driver/Src/stm32h7xx_hal_uart_ex.o
 *(.rodata*)
 .rodata.D1CorePrescTable
                0x00000000080078dc       0x10 Core/Src/system_stm32h7xx.o
                0x00000000080078dc                D1CorePrescTable
 .rodata.UARTPrescTable
                0x00000000080078ec       0x18 Drivers/STM32H7xx_HAL_Driver/Src/stm32h7xx_hal_uart.o
                0x00000000080078ec                UARTPrescTable
 .rodata._svfprintf_r.str1.1
                0x0000000008007904       0x11 d:/st/stm32cubeide_1.4.0/stm32cubeide/plugins/com.st.stm32cube.ide.mcu.externaltools.gnu-tools-for-stm32.7-2018-q2-update.win32_1.4.0.202007081208/tools/bin/../lib/gcc/arm-none-eabi/7.3.1/../../../../arm-none-eabi/lib/thumb/v7e-m/fpv5/hard\libc_nano.a(lib_a-nano-svfprintf.o)
 .rodata._printf_i.str1.1
                0x0000000008007915       0x22 d:/st/stm32cubeide_1.4.0/stm32cubeide/plugins/com.st.stm32cube.ide.mcu.externaltools.gnu-tools-for-stm32.7-2018-q2-update.win32_1.4.0.202007081208/tools/bin/../lib/gcc/arm-none-eabi/7.3.1/../../../../arm-none-eabi/lib/thumb/v7e-m/fpv5/hard\libc_nano.a(lib_a-nano-vfprintf_i.o)
                0x0000000008007938                . = ALIGN (0x4)
 *fill*         0x0000000008007937        0x1 

.ARM.extab      0x0000000008007938        0x0
                0x0000000008007938                . = ALIGN (0x4)
 *(.ARM.extab* .gnu.linkonce.armextab.*)
                0x0000000008007938                . = ALIGN (0x4)

.ARM            0x0000000008007938        0x8
                0x0000000008007938                . = ALIGN (0x4)
                0x0000000008007938                __exidx_start = .
 *(.ARM.exidx*)
 .ARM.exidx     0x0000000008007938        0x8 d:/st/stm32cubeide_1.4.0/stm32cubeide/plugins/com.st.stm32cube.ide.mcu.externaltools.gnu-tools-for-stm32.7-2018-q2-update.win32_1.4.0.202007081208/tools/bin/../lib/gcc/arm-none-eabi/7.3.1/thumb/v7e-m/fpv5/hard\libgcc.a(_udivmoddi4.o)
                0x0000000008007940                __exidx_end = .
                0x0000000008007940                . = ALIGN (0x4)

.rel.dyn        0x0000000008007940        0x0
 .rel.iplt      0x0000000008007940        0x0 d:/st/stm32cubeide_1.4.0/stm32cubeide/plugins/com.st.stm32cube.ide.mcu.externaltools.gnu-tools-for-stm32.7-2018-q2-update.win32_1.4.0.202007081208/tools/bin/../lib/gcc/arm-none-eabi/7.3.1/thumb/v7e-m/fpv5/hard/crtbegin.o

.preinit_array  0x0000000008007940        0x0
                0x0000000008007940                . = ALIGN (0x4)
                0x0000000008007940                PROVIDE (__preinit_array_start = .)
 *(.preinit_array*)
                0x0000000008007940                PROVIDE (__preinit_array_end = .)
                0x0000000008007940                . = ALIGN (0x4)

.init_array     0x0000000008007940        0x4
                0x0000000008007940                . = ALIGN (0x4)
                0x0000000008007940                PROVIDE (__init_array_start = .)
 *(SORT_BY_NAME(.init_array.*))
 *(.init_array*)
 .init_array    0x0000000008007940        0x4 d:/st/stm32cubeide_1.4.0/stm32cubeide/plugins/com.st.stm32cube.ide.mcu.externaltools.gnu-tools-for-stm32.7-2018-q2-update.win32_1.4.0.202007081208/tools/bin/../lib/gcc/arm-none-eabi/7.3.1/thumb/v7e-m/fpv5/hard/crtbegin.o
                0x0000000008007944                PROVIDE (__init_array_end = .)
                0x0000000008007944                . = ALIGN (0x4)

.fini_array     0x0000000008007944        0x4
                0x0000000008007944                . = ALIGN (0x4)
                [!provide]                        PROVIDE (__fini_array_start = .)
 *(SORT_BY_NAME(.fini_array.*))
 *(.fini_array*)
 .fini_array    0x0000000008007944        0x4 d:/st/stm32cubeide_1.4.0/stm32cubeide/plugins/com.st.stm32cube.ide.mcu.externaltools.gnu-tools-for-stm32.7-2018-q2-update.win32_1.4.0.202007081208/tools/bin/../lib/gcc/arm-none-eabi/7.3.1/thumb/v7e-m/fpv5/hard/crtbegin.o
                [!provide]                        PROVIDE (__fini_array_end = .)
                0x0000000008007948                . = ALIGN (0x4)
                0x0000000008007948                _sidata = LOADADDR (.data)

.data           0x0000000024000000       0x7c load address 0x0000000008007948
                0x0000000024000000                . = ALIGN (0x4)
                0x0000000024000000                _sdata = .
 *(.data)
 *(.data*)
 .data.minuteModified
                0x0000000024000000        0x4 Core/Src/main.o
                0x0000000024000000                minuteModified
 .data.secondModified
                0x0000000024000004        0x4 Core/Src/main.o
                0x0000000024000004                secondModified
 .data.SystemCoreClock
                0x0000000024000008        0x4 Core/Src/system_stm32h7xx.o
                0x0000000024000008                SystemCoreClock
 .data.SystemD2Clock
                0x000000002400000c        0x4 Core/Src/system_stm32h7xx.o
                0x000000002400000c                SystemD2Clock
 .data.uwTickPrio
                0x0000000024000010        0x4 Drivers/STM32H7xx_HAL_Driver/Src/stm32h7xx_hal.o
                0x0000000024000010                uwTickPrio
 .data.uwTickFreq
                0x0000000024000014        0x1 Drivers/STM32H7xx_HAL_Driver/Src/stm32h7xx_hal.o
                0x0000000024000014                uwTickFreq
 *fill*         0x0000000024000015        0x3 
 .data._impure_ptr
                0x0000000024000018        0x4 d:/st/stm32cubeide_1.4.0/stm32cubeide/plugins/com.st.stm32cube.ide.mcu.externaltools.gnu-tools-for-stm32.7-2018-q2-update.win32_1.4.0.202007081208/tools/bin/../lib/gcc/arm-none-eabi/7.3.1/../../../../arm-none-eabi/lib/thumb/v7e-m/fpv5/hard\libc_nano.a(lib_a-impure.o)
                0x0000000024000018                _impure_ptr
 .data.impure_data
                0x000000002400001c       0x60 d:/st/stm32cubeide_1.4.0/stm32cubeide/plugins/com.st.stm32cube.ide.mcu.externaltools.gnu-tools-for-stm32.7-2018-q2-update.win32_1.4.0.202007081208/tools/bin/../lib/gcc/arm-none-eabi/7.3.1/../../../../arm-none-eabi/lib/thumb/v7e-m/fpv5/hard\libc_nano.a(lib_a-impure.o)
                0x000000002400007c                . = ALIGN (0x4)
                0x000000002400007c                _edata = .

.igot.plt       0x000000002400007c        0x0 load address 0x00000000080079c4
 .igot.plt      0x000000002400007c        0x0 d:/st/stm32cubeide_1.4.0/stm32cubeide/plugins/com.st.stm32cube.ide.mcu.externaltools.gnu-tools-for-stm32.7-2018-q2-update.win32_1.4.0.202007081208/tools/bin/../lib/gcc/arm-none-eabi/7.3.1/thumb/v7e-m/fpv5/hard/crtbegin.o

.RxDecripSection
                0x000000002400007c       0x60 load address 0x00000000080079c4
 .RxDecripSection
                0x000000002400007c       0x60 Core/Src/main.o
                0x000000002400007c                DMARxDscrTab

.TxDecripSection
                0x00000000240000dc       0x60 load address 0x0000000008007a24
 .TxDecripSection
                0x00000000240000dc       0x60 Core/Src/main.o
                0x00000000240000dc                DMATxDscrTab
                0x000000002400013c                . = ALIGN (0x4)

.bss            0x000000002400013c      0x66c load address 0x0000000008007a84
                0x000000002400013c                _sbss = .
                0x000000002400013c                __bss_start__ = _sbss
 *(.bss)
 .bss           0x000000002400013c       0x1c d:/st/stm32cubeide_1.4.0/stm32cubeide/plugins/com.st.stm32cube.ide.mcu.externaltools.gnu-tools-for-stm32.7-2018-q2-update.win32_1.4.0.202007081208/tools/bin/../lib/gcc/arm-none-eabi/7.3.1/thumb/v7e-m/fpv5/hard/crtbegin.o
 *(.bss*)
 .bss.buttonMode
                0x0000000024000158        0x1 Core/Src/main.o
                0x0000000024000158                buttonMode
 .bss.buttonState
                0x0000000024000159        0x1 Core/Src/main.o
                0x0000000024000159                buttonState
 .bss.mode      0x000000002400015a        0x1 Core/Src/main.o
                0x000000002400015a                mode
 *fill*         0x000000002400015b        0x1 
 .bss.globalCount
                0x000000002400015c        0x4 Core/Src/main.o
                0x000000002400015c                globalCount
 .bss.hour      0x0000000024000160        0x4 Core/Src/main.o
                0x0000000024000160                hour
 .bss.minute    0x0000000024000164        0x4 Core/Src/main.o
                0x0000000024000164                minute
 .bss.second    0x0000000024000168        0x4 Core/Src/main.o
                0x0000000024000168                second
 .bss.isSetHour
                0x000000002400016c        0x1 Core/Src/main.o
                0x000000002400016c                isSetHour
 .bss.isSetMinute
                0x000000002400016d        0x1 Core/Src/main.o
                0x000000002400016d                isSetMinute
 .bss.isSetSecond
                0x000000002400016e        0x1 Core/Src/main.o
                0x000000002400016e                isSetSecond
 *fill*         0x000000002400016f        0x1 
 .bss.countHour
                0x0000000024000170        0x4 Core/Src/main.o
                0x0000000024000170                countHour
 .bss.countMinute
                0x0000000024000174        0x4 Core/Src/main.o
                0x0000000024000174                countMinute
 .bss.countSecond
                0x0000000024000178        0x4 Core/Src/main.o
                0x0000000024000178                countSecond
 .bss.hourModified
                0x000000002400017c        0x4 Core/Src/main.o
                0x000000002400017c                hourModified
 .bss.normalClockState
                0x0000000024000180        0x1 Core/Src/main.o
                0x0000000024000180                normalClockState
 .bss.firstRead
                0x0000000024000181        0x1 Core/Src/main.o
                0x0000000024000181                firstRead
 .bss.secondRead
                0x0000000024000182        0x1 Core/Src/main.o
                0x0000000024000182                secondRead
 .bss.unchange  0x0000000024000183        0x1 Core/Src/main.o
                0x0000000024000183                unchange
 .bss.pressing  0x0000000024000184        0x1 Core/Src/main.o
                0x0000000024000184                pressing
 .bss.isPressedOneTime
                0x0000000024000185        0x1 Core/Src/main.o
                0x0000000024000185                isPressedOneTime
 .bss.isPressedMoreThan1s
                0x0000000024000186        0x1 Core/Src/main.o
                0x0000000024000186                isPressedMoreThan1s
 *fill*         0x0000000024000187        0x1 
 .bss.count1    0x0000000024000188        0x4 Core/Src/main.o
                0x0000000024000188                count1
 .bss.count2    0x000000002400018c        0x4 Core/Src/main.o
                0x000000002400018c                count2
 .bss.stopWatchState
                0x0000000024000190        0x1 Core/Src/main.o
                0x0000000024000190                stopWatchState
 .bss.firstReadMode
                0x0000000024000191        0x1 Core/Src/main.o
                0x0000000024000191                firstReadMode
 .bss.secondReadMode
                0x0000000024000192        0x1 Core/Src/main.o
                0x0000000024000192                secondReadMode
 *fill*         0x0000000024000193        0x1 
 .bss.stopMin   0x0000000024000194        0x4 Core/Src/main.o
                0x0000000024000194                stopMin
 .bss.stopSec   0x0000000024000198        0x4 Core/Src/main.o
                0x0000000024000198                stopSec
 .bss.stopHun   0x000000002400019c        0x4 Core/Src/main.o
                0x000000002400019c                stopHun
 .bss.stopWatchPause
                0x00000000240001a0        0x1 Core/Src/main.o
                0x00000000240001a0                stopWatchPause
 .bss.period.12494
                0x00000000240001a1        0x1 Core/Src/main.o
 *fill*         0x00000000240001a2        0x2 
 .bss.__sbrk_heap_end
                0x00000000240001a4        0x4 Core/Src/sysmem.o
 .bss.__malloc_free_list
                0x00000000240001a8        0x4 d:/st/stm32cubeide_1.4.0/stm32cubeide/plugins/com.st.stm32cube.ide.mcu.externaltools.gnu-tools-for-stm32.7-2018-q2-update.win32_1.4.0.202007081208/tools/bin/../lib/gcc/arm-none-eabi/7.3.1/../../../../arm-none-eabi/lib/thumb/v7e-m/fpv5/hard\libc_nano.a(lib_a-nano-mallocr.o)
                0x00000000240001a8                __malloc_free_list
 .bss.__malloc_sbrk_start
                0x00000000240001ac        0x4 d:/st/stm32cubeide_1.4.0/stm32cubeide/plugins/com.st.stm32cube.ide.mcu.externaltools.gnu-tools-for-stm32.7-2018-q2-update.win32_1.4.0.202007081208/tools/bin/../lib/gcc/arm-none-eabi/7.3.1/../../../../arm-none-eabi/lib/thumb/v7e-m/fpv5/hard\libc_nano.a(lib_a-nano-mallocr.o)
                0x00000000240001ac                __malloc_sbrk_start
 *(COMMON)
 COMMON         0x00000000240001b0      0x5f0 Core/Src/main.o
                0x00000000240001b0                huart3
                0x000000002400023c                uart_buf_len
                0x0000000024000240                hpcd_USB_OTG_FS
                0x0000000024000648                uart_buf
                0x000000002400067c                buf
                0x00000000240006b0                heth
                0x0000000024000720                TxConfig
                0x0000000024000754                htim16
 COMMON         0x00000000240007a0        0x4 Drivers/STM32H7xx_HAL_Driver/Src/stm32h7xx_hal.o
                0x00000000240007a0                uwTick
 COMMON         0x00000000240007a4        0x4 d:/st/stm32cubeide_1.4.0/stm32cubeide/plugins/com.st.stm32cube.ide.mcu.externaltools.gnu-tools-for-stm32.7-2018-q2-update.win32_1.4.0.202007081208/tools/bin/../lib/gcc/arm-none-eabi/7.3.1/../../../../arm-none-eabi/lib/thumb/v7e-m/fpv5/hard\libc_nano.a(lib_a-reent.o)
                0x00000000240007a4                errno
                0x00000000240007a8                . = ALIGN (0x4)
                0x00000000240007a8                _ebss = .
                0x00000000240007a8                __bss_end__ = _ebss

._user_heap_stack
                0x00000000240007a8      0x600 load address 0x0000000008007a84
                0x00000000240007a8                . = ALIGN (0x8)
                [!provide]                        PROVIDE (end = .)
                0x00000000240007a8                PROVIDE (_end = .)
                0x00000000240009a8                . = (. + _Min_Heap_Size)
 *fill*         0x00000000240007a8      0x200 
                0x0000000024000da8                . = (. + _Min_Stack_Size)
 *fill*         0x00000000240009a8      0x400 
                0x0000000024000da8                . = ALIGN (0x8)

/DISCARD/
 libc.a(*)
 libm.a(*)
 libgcc.a(*)

.ARM.attributes
                0x0000000000000000       0x2e
 *(.ARM.attributes)
 .ARM.attributes
                0x0000000000000000       0x20 d:/st/stm32cubeide_1.4.0/stm32cubeide/plugins/com.st.stm32cube.ide.mcu.externaltools.gnu-tools-for-stm32.7-2018-q2-update.win32_1.4.0.202007081208/tools/bin/../lib/gcc/arm-none-eabi/7.3.1/thumb/v7e-m/fpv5/hard/crti.o
 .ARM.attributes
                0x0000000000000020       0x32 d:/st/stm32cubeide_1.4.0/stm32cubeide/plugins/com.st.stm32cube.ide.mcu.externaltools.gnu-tools-for-stm32.7-2018-q2-update.win32_1.4.0.202007081208/tools/bin/../lib/gcc/arm-none-eabi/7.3.1/thumb/v7e-m/fpv5/hard/crtbegin.o
 .ARM.attributes
                0x0000000000000052       0x37 Core/Src/main.o
 .ARM.attributes
                0x0000000000000089       0x37 Core/Src/stm32h7xx_hal_msp.o
 .ARM.attributes
                0x00000000000000c0       0x37 Core/Src/stm32h7xx_it.o
 .ARM.attributes
                0x00000000000000f7       0x37 Core/Src/sysmem.o
 .ARM.attributes
                0x000000000000012e       0x37 Core/Src/system_stm32h7xx.o
 .ARM.attributes
                0x0000000000000165       0x21 Core/Startup/startup_stm32h743zitx.o
 .ARM.attributes
                0x0000000000000186       0x37 Drivers/STM32H7xx_HAL_Driver/Src/stm32h7xx_hal.o
 .ARM.attributes
                0x00000000000001bd       0x37 Drivers/STM32H7xx_HAL_Driver/Src/stm32h7xx_hal_cortex.o
 .ARM.attributes
                0x00000000000001f4       0x37 Drivers/STM32H7xx_HAL_Driver/Src/stm32h7xx_hal_eth.o
 .ARM.attributes
                0x000000000000022b       0x37 Drivers/STM32H7xx_HAL_Driver/Src/stm32h7xx_hal_gpio.o
 .ARM.attributes
                0x0000000000000262       0x37 Drivers/STM32H7xx_HAL_Driver/Src/stm32h7xx_hal_pcd.o
 .ARM.attributes
                0x0000000000000299       0x37 Drivers/STM32H7xx_HAL_Driver/Src/stm32h7xx_hal_pcd_ex.o
 .ARM.attributes
                0x00000000000002d0       0x37 Drivers/STM32H7xx_HAL_Driver/Src/stm32h7xx_hal_pwr_ex.o
 .ARM.attributes
                0x0000000000000307       0x37 Drivers/STM32H7xx_HAL_Driver/Src/stm32h7xx_hal_rcc.o
 .ARM.attributes
                0x000000000000033e       0x37 Drivers/STM32H7xx_HAL_Driver/Src/stm32h7xx_hal_rcc_ex.o
 .ARM.attributes
                0x0000000000000375       0x37 Drivers/STM32H7xx_HAL_Driver/Src/stm32h7xx_hal_tim.o
 .ARM.attributes
                0x00000000000003ac       0x37 Drivers/STM32H7xx_HAL_Driver/Src/stm32h7xx_hal_tim_ex.o
 .ARM.attributes
                0x00000000000003e3       0x37 Drivers/STM32H7xx_HAL_Driver/Src/stm32h7xx_hal_uart.o
 .ARM.attributes
                0x000000000000041a       0x37 Drivers/STM32H7xx_HAL_Driver/Src/stm32h7xx_hal_uart_ex.o
 .ARM.attributes
                0x0000000000000451       0x37 Drivers/STM32H7xx_HAL_Driver/Src/stm32h7xx_ll_usb.o
 .ARM.attributes
                0x0000000000000488       0x32 d:/st/stm32cubeide_1.4.0/stm32cubeide/plugins/com.st.stm32cube.ide.mcu.externaltools.gnu-tools-for-stm32.7-2018-q2-update.win32_1.4.0.202007081208/tools/bin/../lib/gcc/arm-none-eabi/7.3.1/../../../../arm-none-eabi/lib/thumb/v7e-m/fpv5/hard\libc_nano.a(lib_a-errno.o)
 .ARM.attributes
                0x00000000000004ba       0x32 d:/st/stm32cubeide_1.4.0/stm32cubeide/plugins/com.st.stm32cube.ide.mcu.externaltools.gnu-tools-for-stm32.7-2018-q2-update.win32_1.4.0.202007081208/tools/bin/../lib/gcc/arm-none-eabi/7.3.1/../../../../arm-none-eabi/lib/thumb/v7e-m/fpv5/hard\libc_nano.a(lib_a-impure.o)
 .ARM.attributes
                0x00000000000004ec       0x32 d:/st/stm32cubeide_1.4.0/stm32cubeide/plugins/com.st.stm32cube.ide.mcu.externaltools.gnu-tools-for-stm32.7-2018-q2-update.win32_1.4.0.202007081208/tools/bin/../lib/gcc/arm-none-eabi/7.3.1/../../../../arm-none-eabi/lib/thumb/v7e-m/fpv5/hard\libc_nano.a(lib_a-init.o)
 .ARM.attributes
                0x000000000000051e       0x32 d:/st/stm32cubeide_1.4.0/stm32cubeide/plugins/com.st.stm32cube.ide.mcu.externaltools.gnu-tools-for-stm32.7-2018-q2-update.win32_1.4.0.202007081208/tools/bin/../lib/gcc/arm-none-eabi/7.3.1/../../../../arm-none-eabi/lib/thumb/v7e-m/fpv5/hard\libc_nano.a(lib_a-memset.o)
 .ARM.attributes
                0x0000000000000550       0x32 d:/st/stm32cubeide_1.4.0/stm32cubeide/plugins/com.st.stm32cube.ide.mcu.externaltools.gnu-tools-for-stm32.7-2018-q2-update.win32_1.4.0.202007081208/tools/bin/../lib/gcc/arm-none-eabi/7.3.1/../../../../arm-none-eabi/lib/thumb/v7e-m/fpv5/hard\libc_nano.a(lib_a-sprintf.o)
 .ARM.attributes
                0x0000000000000582       0x32 d:/st/stm32cubeide_1.4.0/stm32cubeide/plugins/com.st.stm32cube.ide.mcu.externaltools.gnu-tools-for-stm32.7-2018-q2-update.win32_1.4.0.202007081208/tools/bin/../lib/gcc/arm-none-eabi/7.3.1/../../../../arm-none-eabi/lib/thumb/v7e-m/fpv5/hard\libc_nano.a(lib_a-nano-svfprintf.o)
 .ARM.attributes
                0x00000000000005b4       0x32 d:/st/stm32cubeide_1.4.0/stm32cubeide/plugins/com.st.stm32cube.ide.mcu.externaltools.gnu-tools-for-stm32.7-2018-q2-update.win32_1.4.0.202007081208/tools/bin/../lib/gcc/arm-none-eabi/7.3.1/../../../../arm-none-eabi/lib/thumb/v7e-m/fpv5/hard\libc_nano.a(lib_a-nano-vfprintf_i.o)
 .ARM.attributes
                0x00000000000005e6       0x1e d:/st/stm32cubeide_1.4.0/stm32cubeide/plugins/com.st.stm32cube.ide.mcu.externaltools.gnu-tools-for-stm32.7-2018-q2-update.win32_1.4.0.202007081208/tools/bin/../lib/gcc/arm-none-eabi/7.3.1/../../../../arm-none-eabi/lib/thumb/v7e-m/fpv5/hard\libc_nano.a(lib_a-memchr.o)
 .ARM.attributes
                0x0000000000000604       0x32 d:/st/stm32cubeide_1.4.0/stm32cubeide/plugins/com.st.stm32cube.ide.mcu.externaltools.gnu-tools-for-stm32.7-2018-q2-update.win32_1.4.0.202007081208/tools/bin/../lib/gcc/arm-none-eabi/7.3.1/../../../../arm-none-eabi/lib/thumb/v7e-m/fpv5/hard\libc_nano.a(lib_a-memcpy-stub.o)
 .ARM.attributes
                0x0000000000000636       0x32 d:/st/stm32cubeide_1.4.0/stm32cubeide/plugins/com.st.stm32cube.ide.mcu.externaltools.gnu-tools-for-stm32.7-2018-q2-update.win32_1.4.0.202007081208/tools/bin/../lib/gcc/arm-none-eabi/7.3.1/../../../../arm-none-eabi/lib/thumb/v7e-m/fpv5/hard\libc_nano.a(lib_a-memmove.o)
 .ARM.attributes
                0x0000000000000668       0x32 d:/st/stm32cubeide_1.4.0/stm32cubeide/plugins/com.st.stm32cube.ide.mcu.externaltools.gnu-tools-for-stm32.7-2018-q2-update.win32_1.4.0.202007081208/tools/bin/../lib/gcc/arm-none-eabi/7.3.1/../../../../arm-none-eabi/lib/thumb/v7e-m/fpv5/hard\libc_nano.a(lib_a-nano-freer.o)
 .ARM.attributes
                0x000000000000069a       0x32 d:/st/stm32cubeide_1.4.0/stm32cubeide/plugins/com.st.stm32cube.ide.mcu.externaltools.gnu-tools-for-stm32.7-2018-q2-update.win32_1.4.0.202007081208/tools/bin/../lib/gcc/arm-none-eabi/7.3.1/../../../../arm-none-eabi/lib/thumb/v7e-m/fpv5/hard\libc_nano.a(lib_a-nano-mallocr.o)
 .ARM.attributes
                0x00000000000006cc       0x32 d:/st/stm32cubeide_1.4.0/stm32cubeide/plugins/com.st.stm32cube.ide.mcu.externaltools.gnu-tools-for-stm32.7-2018-q2-update.win32_1.4.0.202007081208/tools/bin/../lib/gcc/arm-none-eabi/7.3.1/../../../../arm-none-eabi/lib/thumb/v7e-m/fpv5/hard\libc_nano.a(lib_a-nano-reallocr.o)
 .ARM.attributes
                0x00000000000006fe       0x32 d:/st/stm32cubeide_1.4.0/stm32cubeide/plugins/com.st.stm32cube.ide.mcu.externaltools.gnu-tools-for-stm32.7-2018-q2-update.win32_1.4.0.202007081208/tools/bin/../lib/gcc/arm-none-eabi/7.3.1/../../../../arm-none-eabi/lib/thumb/v7e-m/fpv5/hard\libc_nano.a(lib_a-sbrkr.o)
 .ARM.attributes
                0x0000000000000730       0x32 d:/st/stm32cubeide_1.4.0/stm32cubeide/plugins/com.st.stm32cube.ide.mcu.externaltools.gnu-tools-for-stm32.7-2018-q2-update.win32_1.4.0.202007081208/tools/bin/../lib/gcc/arm-none-eabi/7.3.1/../../../../arm-none-eabi/lib/thumb/v7e-m/fpv5/hard\libc_nano.a(lib_a-mlock.o)
 .ARM.attributes
                0x0000000000000762       0x32 d:/st/stm32cubeide_1.4.0/stm32cubeide/plugins/com.st.stm32cube.ide.mcu.externaltools.gnu-tools-for-stm32.7-2018-q2-update.win32_1.4.0.202007081208/tools/bin/../lib/gcc/arm-none-eabi/7.3.1/../../../../arm-none-eabi/lib/thumb/v7e-m/fpv5/hard\libc_nano.a(lib_a-nano-msizer.o)
 .ARM.attributes
                0x0000000000000794       0x32 d:/st/stm32cubeide_1.4.0/stm32cubeide/plugins/com.st.stm32cube.ide.mcu.externaltools.gnu-tools-for-stm32.7-2018-q2-update.win32_1.4.0.202007081208/tools/bin/../lib/gcc/arm-none-eabi/7.3.1/../../../../arm-none-eabi/lib/thumb/v7e-m/fpv5/hard\libc_nano.a(lib_a-reent.o)
 .ARM.attributes
                0x00000000000007c6       0x20 d:/st/stm32cubeide_1.4.0/stm32cubeide/plugins/com.st.stm32cube.ide.mcu.externaltools.gnu-tools-for-stm32.7-2018-q2-update.win32_1.4.0.202007081208/tools/bin/../lib/gcc/arm-none-eabi/7.3.1/thumb/v7e-m/fpv5/hard\libgcc.a(_aeabi_uldivmod.o)
 .ARM.attributes
                0x00000000000007e6       0x32 d:/st/stm32cubeide_1.4.0/stm32cubeide/plugins/com.st.stm32cube.ide.mcu.externaltools.gnu-tools-for-stm32.7-2018-q2-update.win32_1.4.0.202007081208/tools/bin/../lib/gcc/arm-none-eabi/7.3.1/thumb/v7e-m/fpv5/hard\libgcc.a(_udivmoddi4.o)
 .ARM.attributes
                0x0000000000000818       0x20 d:/st/stm32cubeide_1.4.0/stm32cubeide/plugins/com.st.stm32cube.ide.mcu.externaltools.gnu-tools-for-stm32.7-2018-q2-update.win32_1.4.0.202007081208/tools/bin/../lib/gcc/arm-none-eabi/7.3.1/thumb/v7e-m/fpv5/hard\libgcc.a(_dvmd_tls.o)
 .ARM.attributes
                0x0000000000000838       0x20 d:/st/stm32cubeide_1.4.0/stm32cubeide/plugins/com.st.stm32cube.ide.mcu.externaltools.gnu-tools-for-stm32.7-2018-q2-update.win32_1.4.0.202007081208/tools/bin/../lib/gcc/arm-none-eabi/7.3.1/thumb/v7e-m/fpv5/hard/crtn.o
OUTPUT(Lab_3_H743ZI.elf elf32-littlearm)

.debug_info     0x0000000000000000    0x2407c
 .debug_info    0x0000000000000000     0x38c3 Core/Src/main.o
 .debug_info    0x00000000000038c3     0x2fbf Core/Src/stm32h7xx_hal_msp.o
 .debug_info    0x0000000000006882     0x11d3 Core/Src/stm32h7xx_it.o
 .debug_info    0x0000000000007a55      0x985 Core/Src/sysmem.o
 .debug_info    0x00000000000083da     0x161d Core/Src/system_stm32h7xx.o
 .debug_info    0x00000000000099f7       0x22 Core/Startup/startup_stm32h743zitx.o
 .debug_info    0x0000000000009a19     0x1e3c Drivers/STM32H7xx_HAL_Driver/Src/stm32h7xx_hal.o
 .debug_info    0x000000000000b855     0x1ab0 Drivers/STM32H7xx_HAL_Driver/Src/stm32h7xx_hal_cortex.o
 .debug_info    0x000000000000d305     0x2f12 Drivers/STM32H7xx_HAL_Driver/Src/stm32h7xx_hal_eth.o
 .debug_info    0x0000000000010217     0x1666 Drivers/STM32H7xx_HAL_Driver/Src/stm32h7xx_hal_gpio.o
 .debug_info    0x000000000001187d     0x1ab4 Drivers/STM32H7xx_HAL_Driver/Src/stm32h7xx_hal_pcd.o
 .debug_info    0x0000000000013331     0x1217 Drivers/STM32H7xx_HAL_Driver/Src/stm32h7xx_hal_pcd_ex.o
 .debug_info    0x0000000000014548     0x1951 Drivers/STM32H7xx_HAL_Driver/Src/stm32h7xx_hal_pwr_ex.o
 .debug_info    0x0000000000015e99     0x17c7 Drivers/STM32H7xx_HAL_Driver/Src/stm32h7xx_hal_rcc.o
 .debug_info    0x0000000000017660     0x1b37 Drivers/STM32H7xx_HAL_Driver/Src/stm32h7xx_hal_rcc_ex.o
 .debug_info    0x0000000000019197     0x334d Drivers/STM32H7xx_HAL_Driver/Src/stm32h7xx_hal_tim.o
 .debug_info    0x000000000001c4e4     0x1fa3 Drivers/STM32H7xx_HAL_Driver/Src/stm32h7xx_hal_tim_ex.o
 .debug_info    0x000000000001e487     0x24aa Drivers/STM32H7xx_HAL_Driver/Src/stm32h7xx_hal_uart.o
 .debug_info    0x0000000000020931     0x14a9 Drivers/STM32H7xx_HAL_Driver/Src/stm32h7xx_hal_uart_ex.o
 .debug_info    0x0000000000021dda     0x22a2 Drivers/STM32H7xx_HAL_Driver/Src/stm32h7xx_ll_usb.o

.debug_abbrev   0x0000000000000000     0x3376
 .debug_abbrev  0x0000000000000000      0x321 Core/Src/main.o
 .debug_abbrev  0x0000000000000321      0x27c Core/Src/stm32h7xx_hal_msp.o
 .debug_abbrev  0x000000000000059d      0x1e7 Core/Src/stm32h7xx_it.o
 .debug_abbrev  0x0000000000000784      0x19b Core/Src/sysmem.o
 .debug_abbrev  0x000000000000091f      0x22e Core/Src/system_stm32h7xx.o
 .debug_abbrev  0x0000000000000b4d       0x12 Core/Startup/startup_stm32h743zitx.o
 .debug_abbrev  0x0000000000000b5f      0x2d9 Drivers/STM32H7xx_HAL_Driver/Src/stm32h7xx_hal.o
 .debug_abbrev  0x0000000000000e38      0x3b5 Drivers/STM32H7xx_HAL_Driver/Src/stm32h7xx_hal_cortex.o
 .debug_abbrev  0x00000000000011ed      0x2e2 Drivers/STM32H7xx_HAL_Driver/Src/stm32h7xx_hal_eth.o
 .debug_abbrev  0x00000000000014cf      0x28f Drivers/STM32H7xx_HAL_Driver/Src/stm32h7xx_hal_gpio.o
 .debug_abbrev  0x000000000000175e      0x2f4 Drivers/STM32H7xx_HAL_Driver/Src/stm32h7xx_hal_pcd.o
 .debug_abbrev  0x0000000000001a52      0x2a2 Drivers/STM32H7xx_HAL_Driver/Src/stm32h7xx_hal_pcd_ex.o
 .debug_abbrev  0x0000000000001cf4      0x311 Drivers/STM32H7xx_HAL_Driver/Src/stm32h7xx_hal_pwr_ex.o
 .debug_abbrev  0x0000000000002005      0x2e2 Drivers/STM32H7xx_HAL_Driver/Src/stm32h7xx_hal_rcc.o
 .debug_abbrev  0x00000000000022e7      0x2db Drivers/STM32H7xx_HAL_Driver/Src/stm32h7xx_hal_rcc_ex.o
 .debug_abbrev  0x00000000000025c2      0x2bd Drivers/STM32H7xx_HAL_Driver/Src/stm32h7xx_hal_tim.o
 .debug_abbrev  0x000000000000287f      0x2c3 Drivers/STM32H7xx_HAL_Driver/Src/stm32h7xx_hal_tim_ex.o
 .debug_abbrev  0x0000000000002b42      0x2bb Drivers/STM32H7xx_HAL_Driver/Src/stm32h7xx_hal_uart.o
 .debug_abbrev  0x0000000000002dfd      0x26f Drivers/STM32H7xx_HAL_Driver/Src/stm32h7xx_hal_uart_ex.o
 .debug_abbrev  0x000000000000306c      0x30a Drivers/STM32H7xx_HAL_Driver/Src/stm32h7xx_ll_usb.o

.debug_aranges  0x0000000000000000     0x1530
 .debug_aranges
                0x0000000000000000       0xf8 Core/Src/main.o
 .debug_aranges
                0x00000000000000f8       0x60 Core/Src/stm32h7xx_hal_msp.o
 .debug_aranges
                0x0000000000000158       0x68 Core/Src/stm32h7xx_it.o
 .debug_aranges
                0x00000000000001c0       0x20 Core/Src/sysmem.o
 .debug_aranges
                0x00000000000001e0       0x28 Core/Src/system_stm32h7xx.o
 .debug_aranges
                0x0000000000000208       0x28 Core/Startup/startup_stm32h743zitx.o
 .debug_aranges
                0x0000000000000230      0x1b8 Drivers/STM32H7xx_HAL_Driver/Src/stm32h7xx_hal.o
 .debug_aranges
                0x00000000000003e8      0x120 Drivers/STM32H7xx_HAL_Driver/Src/stm32h7xx_hal_cortex.o
 .debug_aranges
                0x0000000000000508      0x1b0 Drivers/STM32H7xx_HAL_Driver/Src/stm32h7xx_hal_eth.o
 .debug_aranges
                0x00000000000006b8       0x58 Drivers/STM32H7xx_HAL_Driver/Src/stm32h7xx_hal_gpio.o
 .debug_aranges
                0x0000000000000710      0x130 Drivers/STM32H7xx_HAL_Driver/Src/stm32h7xx_hal_pcd.o
 .debug_aranges
                0x0000000000000840       0x60 Drivers/STM32H7xx_HAL_Driver/Src/stm32h7xx_hal_pcd_ex.o
 .debug_aranges
                0x00000000000008a0      0x158 Drivers/STM32H7xx_HAL_Driver/Src/stm32h7xx_hal_pwr_ex.o
 .debug_aranges
                0x00000000000009f8       0x88 Drivers/STM32H7xx_HAL_Driver/Src/stm32h7xx_hal_rcc.o
 .debug_aranges
                0x0000000000000a80       0xf8 Drivers/STM32H7xx_HAL_Driver/Src/stm32h7xx_hal_rcc_ex.o
 .debug_aranges
                0x0000000000000b78      0x3e0 Drivers/STM32H7xx_HAL_Driver/Src/stm32h7xx_hal_tim.o
 .debug_aranges
                0x0000000000000f58      0x188 Drivers/STM32H7xx_HAL_Driver/Src/stm32h7xx_hal_tim_ex.o
 .debug_aranges
                0x00000000000010e0      0x230 Drivers/STM32H7xx_HAL_Driver/Src/stm32h7xx_hal_uart.o
 .debug_aranges
                0x0000000000001310       0x88 Drivers/STM32H7xx_HAL_Driver/Src/stm32h7xx_hal_uart_ex.o
 .debug_aranges
                0x0000000000001398      0x198 Drivers/STM32H7xx_HAL_Driver/Src/stm32h7xx_ll_usb.o

.debug_ranges   0x0000000000000000     0x13f8
 .debug_ranges  0x0000000000000000       0xe8 Core/Src/main.o
 .debug_ranges  0x00000000000000e8       0x50 Core/Src/stm32h7xx_hal_msp.o
 .debug_ranges  0x0000000000000138       0x58 Core/Src/stm32h7xx_it.o
 .debug_ranges  0x0000000000000190       0x10 Core/Src/sysmem.o
 .debug_ranges  0x00000000000001a0       0x18 Core/Src/system_stm32h7xx.o
 .debug_ranges  0x00000000000001b8       0x20 Core/Startup/startup_stm32h743zitx.o
 .debug_ranges  0x00000000000001d8      0x1a8 Drivers/STM32H7xx_HAL_Driver/Src/stm32h7xx_hal.o
 .debug_ranges  0x0000000000000380      0x110 Drivers/STM32H7xx_HAL_Driver/Src/stm32h7xx_hal_cortex.o
 .debug_ranges  0x0000000000000490      0x1a0 Drivers/STM32H7xx_HAL_Driver/Src/stm32h7xx_hal_eth.o
 .debug_ranges  0x0000000000000630       0x48 Drivers/STM32H7xx_HAL_Driver/Src/stm32h7xx_hal_gpio.o
 .debug_ranges  0x0000000000000678      0x120 Drivers/STM32H7xx_HAL_Driver/Src/stm32h7xx_hal_pcd.o
 .debug_ranges  0x0000000000000798       0x50 Drivers/STM32H7xx_HAL_Driver/Src/stm32h7xx_hal_pcd_ex.o
 .debug_ranges  0x00000000000007e8      0x148 Drivers/STM32H7xx_HAL_Driver/Src/stm32h7xx_hal_pwr_ex.o
 .debug_ranges  0x0000000000000930       0x78 Drivers/STM32H7xx_HAL_Driver/Src/stm32h7xx_hal_rcc.o
 .debug_ranges  0x00000000000009a8       0xe8 Drivers/STM32H7xx_HAL_Driver/Src/stm32h7xx_hal_rcc_ex.o
 .debug_ranges  0x0000000000000a90      0x3d0 Drivers/STM32H7xx_HAL_Driver/Src/stm32h7xx_hal_tim.o
 .debug_ranges  0x0000000000000e60      0x178 Drivers/STM32H7xx_HAL_Driver/Src/stm32h7xx_hal_tim_ex.o
 .debug_ranges  0x0000000000000fd8      0x220 Drivers/STM32H7xx_HAL_Driver/Src/stm32h7xx_hal_uart.o
 .debug_ranges  0x00000000000011f8       0x78 Drivers/STM32H7xx_HAL_Driver/Src/stm32h7xx_hal_uart_ex.o
 .debug_ranges  0x0000000000001270      0x188 Drivers/STM32H7xx_HAL_Driver/Src/stm32h7xx_ll_usb.o

.debug_macro    0x0000000000000000    0x38535
 .debug_macro   0x0000000000000000      0x3f4 Core/Src/main.o
 .debug_macro   0x00000000000003f4      0xa66 Core/Src/main.o
 .debug_macro   0x0000000000000e5a      0x244 Core/Src/main.o
 .debug_macro   0x000000000000109e       0x2e Core/Src/main.o
 .debug_macro   0x00000000000010cc       0x3b Core/Src/main.o
 .debug_macro   0x0000000000001107       0x22 Core/Src/main.o
 .debug_macro   0x0000000000001129       0x8e Core/Src/main.o
 .debug_macro   0x00000000000011b7       0x51 Core/Src/main.o
 .debug_macro   0x0000000000001208       0xef Core/Src/main.o
 .debug_macro   0x00000000000012f7       0x6a Core/Src/main.o
 .debug_macro   0x0000000000001361      0x1df Core/Src/main.o
 .debug_macro   0x0000000000001540       0x1c Core/Src/main.o
 .debug_macro   0x000000000000155c       0x22 Core/Src/main.o
 .debug_macro   0x000000000000157e       0xdf Core/Src/main.o
 .debug_macro   0x000000000000165d     0x12cd Core/Src/main.o
 .debug_macro   0x000000000000292a      0x11f Core/Src/main.o
 .debug_macro   0x0000000000002a49       0x19 Core/Src/main.o
 .debug_macro   0x0000000000002a62    0x2538b Core/Src/main.o
 .debug_macro   0x0000000000027ded       0x43 Core/Src/main.o
 .debug_macro   0x0000000000027e30     0x3cd3 Core/Src/main.o
 .debug_macro   0x000000000002bb03      0x174 Core/Src/main.o
 .debug_macro   0x000000000002bc77       0x46 Core/Src/main.o
 .debug_macro   0x000000000002bcbd       0x17 Core/Src/main.o
 .debug_macro   0x000000000002bcd4       0x3c Core/Src/main.o
 .debug_macro   0x000000000002bd10       0x34 Core/Src/main.o
 .debug_macro   0x000000000002bd44       0x52 Core/Src/main.o
 .debug_macro   0x000000000002bd96       0x1f Core/Src/main.o
 .debug_macro   0x000000000002bdb5       0x43 Core/Src/main.o
 .debug_macro   0x000000000002bdf8       0x20 Core/Src/main.o
 .debug_macro   0x000000000002be18      0x1a3 Core/Src/main.o
 .debug_macro   0x000000000002bfbb      0x32a Core/Src/main.o
 .debug_macro   0x000000000002c2e5      0x1e1 Core/Src/main.o
 .debug_macro   0x000000000002c4c6       0x54 Core/Src/main.o
 .debug_macro   0x000000000002c51a     0x2382 Core/Src/main.o
 .debug_macro   0x000000000002e89c     0x1009 Core/Src/main.o
 .debug_macro   0x000000000002f8a5      0x138 Core/Src/main.o
 .debug_macro   0x000000000002f9dd      0x117 Core/Src/main.o
 .debug_macro   0x000000000002faf4      0x3b2 Core/Src/main.o
 .debug_macro   0x000000000002fea6       0x27 Core/Src/main.o
 .debug_macro   0x000000000002fecd      0x72d Core/Src/main.o
 .debug_macro   0x00000000000305fa      0x229 Core/Src/main.o
 .debug_macro   0x0000000000030823       0x66 Core/Src/main.o
 .debug_macro   0x0000000000030889      0x3bb Core/Src/main.o
 .debug_macro   0x0000000000030c44      0xa59 Core/Src/main.o
 .debug_macro   0x000000000003169d      0x129 Core/Src/main.o
 .debug_macro   0x00000000000317c6      0x3e5 Core/Src/main.o
 .debug_macro   0x0000000000031bab      0x275 Core/Src/main.o
 .debug_macro   0x0000000000031e20      0x3cb Core/Src/main.o
 .debug_macro   0x00000000000321eb      0x41d Core/Src/main.o
 .debug_macro   0x0000000000032608       0x51 Core/Src/main.o
 .debug_macro   0x0000000000032659       0x4a Core/Src/main.o
 .debug_macro   0x00000000000326a3      0x22c Core/Src/main.o
 .debug_macro   0x00000000000328cf       0x64 Core/Src/main.o
 .debug_macro   0x0000000000032933       0xa5 Core/Src/main.o
 .debug_macro   0x00000000000329d8      0x1c5 Core/Src/main.o
 .debug_macro   0x0000000000032b9d      0x25f Core/Src/main.o
 .debug_macro   0x0000000000032dfc       0x35 Core/Src/main.o
 .debug_macro   0x0000000000032e31      0xad7 Core/Src/main.o
 .debug_macro   0x0000000000033908      0x2a0 Core/Src/main.o
 .debug_macro   0x0000000000033ba8      0x662 Core/Src/main.o
 .debug_macro   0x000000000003420a       0xa6 Core/Src/main.o
 .debug_macro   0x00000000000342b0      0x21e Core/Src/main.o
 .debug_macro   0x00000000000344ce       0x90 Core/Src/main.o
 .debug_macro   0x000000000003455e      0x5a0 Core/Src/main.o
 .debug_macro   0x0000000000034afe      0x10c Core/Src/main.o
 .debug_macro   0x0000000000034c0a       0x16 Core/Src/main.o
 .debug_macro   0x0000000000034c20       0x35 Core/Src/main.o
 .debug_macro   0x0000000000034c55       0x20 Core/Src/main.o
 .debug_macro   0x0000000000034c75       0x1c Core/Src/main.o
 .debug_macro   0x0000000000034c91       0x10 Core/Src/main.o
 .debug_macro   0x0000000000034ca1       0x10 Core/Src/main.o
 .debug_macro   0x0000000000034cb1       0x1c Core/Src/main.o
 .debug_macro   0x0000000000034ccd       0x52 Core/Src/main.o
 .debug_macro   0x0000000000034d1f       0x40 Core/Src/main.o
 .debug_macro   0x0000000000034d5f       0x10 Core/Src/main.o
 .debug_macro   0x0000000000034d6f       0x40 Core/Src/main.o
 .debug_macro   0x0000000000034daf       0xd7 Core/Src/main.o
 .debug_macro   0x0000000000034e86       0x1c Core/Src/main.o
 .debug_macro   0x0000000000034ea2       0x3d Core/Src/main.o
 .debug_macro   0x0000000000034edf       0x16 Core/Src/main.o
 .debug_macro   0x0000000000034ef5      0x145 Core/Src/main.o
 .debug_macro   0x000000000003503a      0x2e1 Core/Src/stm32h7xx_hal_msp.o
 .debug_macro   0x000000000003531b      0x2eb Core/Src/stm32h7xx_it.o
 .debug_macro   0x0000000000035606       0xee Core/Src/sysmem.o
 .debug_macro   0x00000000000356f4      0x23b Core/Src/sysmem.o
 .debug_macro   0x000000000003592f      0x2d8 Core/Src/system_stm32h7xx.o
 .debug_macro   0x0000000000035c07      0x2fc Drivers/STM32H7xx_HAL_Driver/Src/stm32h7xx_hal.o
 .debug_macro   0x0000000000035f03      0x2d2 Drivers/STM32H7xx_HAL_Driver/Src/stm32h7xx_hal_cortex.o
 .debug_macro   0x00000000000361d5      0x35f Drivers/STM32H7xx_HAL_Driver/Src/stm32h7xx_hal_eth.o
 .debug_macro   0x0000000000036534      0x30e Drivers/STM32H7xx_HAL_Driver/Src/stm32h7xx_hal_gpio.o
 .debug_macro   0x0000000000036842      0x2de Drivers/STM32H7xx_HAL_Driver/Src/stm32h7xx_hal_pcd.o
 .debug_macro   0x0000000000036b20      0x2d2 Drivers/STM32H7xx_HAL_Driver/Src/stm32h7xx_hal_pcd_ex.o
 .debug_macro   0x0000000000036df2      0x30b Drivers/STM32H7xx_HAL_Driver/Src/stm32h7xx_hal_pwr_ex.o
 .debug_macro   0x00000000000370fd      0x2f6 Drivers/STM32H7xx_HAL_Driver/Src/stm32h7xx_hal_rcc.o
 .debug_macro   0x00000000000373f3      0x2f0 Drivers/STM32H7xx_HAL_Driver/Src/stm32h7xx_hal_rcc_ex.o
 .debug_macro   0x00000000000376e3      0x2d3 Drivers/STM32H7xx_HAL_Driver/Src/stm32h7xx_hal_tim.o
 .debug_macro   0x00000000000379b6      0x2d2 Drivers/STM32H7xx_HAL_Driver/Src/stm32h7xx_hal_tim_ex.o
 .debug_macro   0x0000000000037c88      0x2fd Drivers/STM32H7xx_HAL_Driver/Src/stm32h7xx_hal_uart.o
 .debug_macro   0x0000000000037f85      0x2de Drivers/STM32H7xx_HAL_Driver/Src/stm32h7xx_hal_uart_ex.o
 .debug_macro   0x0000000000038263      0x2d2 Drivers/STM32H7xx_HAL_Driver/Src/stm32h7xx_ll_usb.o

.debug_line     0x0000000000000000    0x1136e
 .debug_line    0x0000000000000000      0xdaf Core/Src/main.o
 .debug_line    0x0000000000000daf      0x999 Core/Src/stm32h7xx_hal_msp.o
 .debug_line    0x0000000000001748      0x976 Core/Src/stm32h7xx_it.o
 .debug_line    0x00000000000020be      0x4c7 Core/Src/sysmem.o
 .debug_line    0x0000000000002585      0x90b Core/Src/system_stm32h7xx.o
 .debug_line    0x0000000000002e90       0x87 Core/Startup/startup_stm32h743zitx.o
 .debug_line    0x0000000000002f17      0xcbd Drivers/STM32H7xx_HAL_Driver/Src/stm32h7xx_hal.o
 .debug_line    0x0000000000003bd4      0xbfc Drivers/STM32H7xx_HAL_Driver/Src/stm32h7xx_hal_cortex.o
 .debug_line    0x00000000000047d0     0x116b Drivers/STM32H7xx_HAL_Driver/Src/stm32h7xx_hal_eth.o
 .debug_line    0x000000000000593b      0xab7 Drivers/STM32H7xx_HAL_Driver/Src/stm32h7xx_hal_gpio.o
 .debug_line    0x00000000000063f2      0xe43 Drivers/STM32H7xx_HAL_Driver/Src/stm32h7xx_hal_pcd.o
 .debug_line    0x0000000000007235      0x9ab Drivers/STM32H7xx_HAL_Driver/Src/stm32h7xx_hal_pcd_ex.o
 .debug_line    0x0000000000007be0      0xc99 Drivers/STM32H7xx_HAL_Driver/Src/stm32h7xx_hal_pwr_ex.o
 .debug_line    0x0000000000008879      0xc9f Drivers/STM32H7xx_HAL_Driver/Src/stm32h7xx_hal_rcc.o
 .debug_line    0x0000000000009518      0xefd Drivers/STM32H7xx_HAL_Driver/Src/stm32h7xx_hal_rcc_ex.o
 .debug_line    0x000000000000a415     0x27c6 Drivers/STM32H7xx_HAL_Driver/Src/stm32h7xx_hal_tim.o
 .debug_line    0x000000000000cbdb     0x1622 Drivers/STM32H7xx_HAL_Driver/Src/stm32h7xx_hal_tim_ex.o
 .debug_line    0x000000000000e1fd     0x1654 Drivers/STM32H7xx_HAL_Driver/Src/stm32h7xx_hal_uart.o
 .debug_line    0x000000000000f851      0xb2f Drivers/STM32H7xx_HAL_Driver/Src/stm32h7xx_hal_uart_ex.o
 .debug_line    0x0000000000010380      0xfee Drivers/STM32H7xx_HAL_Driver/Src/stm32h7xx_ll_usb.o

.debug_str      0x0000000000000000   0x169888
 .debug_str     0x0000000000000000   0x162ca6 Core/Src/main.o
                                     0x16339b (size before relaxing)
 .debug_str     0x0000000000162ca6      0x887 Core/Src/stm32h7xx_hal_msp.o
                                     0x161ed5 (size before relaxing)
 .debug_str     0x000000000016352d       0xce Core/Src/stm32h7xx_it.o
                                     0x16072d (size before relaxing)
 .debug_str     0x00000000001635fb      0x4e9 Core/Src/sysmem.o
                                       0x5f7b (size before relaxing)
 .debug_str     0x0000000000163ae4      0x31e Core/Src/system_stm32h7xx.o
                                     0x16016c (size before relaxing)
 .debug_str     0x0000000000163e02       0x36 Core/Startup/startup_stm32h743zitx.o
                                         0x69 (size before relaxing)
 .debug_str     0x0000000000163e38      0x7d3 Drivers/STM32H7xx_HAL_Driver/Src/stm32h7xx_hal.o
                                     0x160ff9 (size before relaxing)
 .debug_str     0x000000000016460b      0x3a8 Drivers/STM32H7xx_HAL_Driver/Src/stm32h7xx_hal_cortex.o
                                     0x160a84 (size before relaxing)
 .debug_str     0x00000000001649b3     0x101d Drivers/STM32H7xx_HAL_Driver/Src/stm32h7xx_hal_eth.o
                                     0x1617ea (size before relaxing)
 .debug_str     0x00000000001659d0      0x1ff Drivers/STM32H7xx_HAL_Driver/Src/stm32h7xx_hal_gpio.o
                                     0x160208 (size before relaxing)
 .debug_str     0x0000000000165bcf      0x530 Drivers/STM32H7xx_HAL_Driver/Src/stm32h7xx_hal_pcd.o
                                     0x160568 (size before relaxing)
 .debug_str     0x00000000001660ff      0x1b4 Drivers/STM32H7xx_HAL_Driver/Src/stm32h7xx_hal_pcd_ex.o
                                     0x1601e1 (size before relaxing)
 .debug_str     0x00000000001662b3      0x638 Drivers/STM32H7xx_HAL_Driver/Src/stm32h7xx_hal_pwr_ex.o
                                     0x1605d0 (size before relaxing)
 .debug_str     0x00000000001668eb      0x26c Drivers/STM32H7xx_HAL_Driver/Src/stm32h7xx_hal_rcc.o
                                     0x160497 (size before relaxing)
 .debug_str     0x0000000000166b57      0x665 Drivers/STM32H7xx_HAL_Driver/Src/stm32h7xx_hal_rcc_ex.o
                                     0x16095d (size before relaxing)
 .debug_str     0x00000000001671bc      0xe11 Drivers/STM32H7xx_HAL_Driver/Src/stm32h7xx_hal_tim.o
                                     0x1611cd (size before relaxing)
 .debug_str     0x0000000000167fcd      0x68c Drivers/STM32H7xx_HAL_Driver/Src/stm32h7xx_hal_tim_ex.o
                                     0x160adc (size before relaxing)
 .debug_str     0x0000000000168659      0x93e Drivers/STM32H7xx_HAL_Driver/Src/stm32h7xx_hal_uart.o
                                     0x160dbf (size before relaxing)
 .debug_str     0x0000000000168f97      0x27c Drivers/STM32H7xx_HAL_Driver/Src/stm32h7xx_hal_uart_ex.o
                                     0x160409 (size before relaxing)
 .debug_str     0x0000000000169213      0x675 Drivers/STM32H7xx_HAL_Driver/Src/stm32h7xx_ll_usb.o
                                     0x1606d3 (size before relaxing)

.comment        0x0000000000000000       0x7b
 .comment       0x0000000000000000       0x7b Core/Src/main.o
                                         0x7c (size before relaxing)
 .comment       0x000000000000007b       0x7c Core/Src/stm32h7xx_hal_msp.o
 .comment       0x000000000000007b       0x7c Core/Src/stm32h7xx_it.o
 .comment       0x000000000000007b       0x7c Core/Src/sysmem.o
 .comment       0x000000000000007b       0x7c Core/Src/system_stm32h7xx.o
 .comment       0x000000000000007b       0x7c Drivers/STM32H7xx_HAL_Driver/Src/stm32h7xx_hal.o
 .comment       0x000000000000007b       0x7c Drivers/STM32H7xx_HAL_Driver/Src/stm32h7xx_hal_cortex.o
 .comment       0x000000000000007b       0x7c Drivers/STM32H7xx_HAL_Driver/Src/stm32h7xx_hal_eth.o
 .comment       0x000000000000007b       0x7c Drivers/STM32H7xx_HAL_Driver/Src/stm32h7xx_hal_gpio.o
 .comment       0x000000000000007b       0x7c Drivers/STM32H7xx_HAL_Driver/Src/stm32h7xx_hal_pcd.o
 .comment       0x000000000000007b       0x7c Drivers/STM32H7xx_HAL_Driver/Src/stm32h7xx_hal_pcd_ex.o
 .comment       0x000000000000007b       0x7c Drivers/STM32H7xx_HAL_Driver/Src/stm32h7xx_hal_pwr_ex.o
 .comment       0x000000000000007b       0x7c Drivers/STM32H7xx_HAL_Driver/Src/stm32h7xx_hal_rcc.o
 .comment       0x000000000000007b       0x7c Drivers/STM32H7xx_HAL_Driver/Src/stm32h7xx_hal_rcc_ex.o
 .comment       0x000000000000007b       0x7c Drivers/STM32H7xx_HAL_Driver/Src/stm32h7xx_hal_tim.o
 .comment       0x000000000000007b       0x7c Drivers/STM32H7xx_HAL_Driver/Src/stm32h7xx_hal_tim_ex.o
 .comment       0x000000000000007b       0x7c Drivers/STM32H7xx_HAL_Driver/Src/stm32h7xx_hal_uart.o
 .comment       0x000000000000007b       0x7c Drivers/STM32H7xx_HAL_Driver/Src/stm32h7xx_hal_uart_ex.o
 .comment       0x000000000000007b       0x7c Drivers/STM32H7xx_HAL_Driver/Src/stm32h7xx_ll_usb.o

.debug_frame    0x0000000000000000     0x5e28
 .debug_frame   0x0000000000000000      0x364 Core/Src/main.o
 .debug_frame   0x0000000000000364      0x158 Core/Src/stm32h7xx_hal_msp.o
 .debug_frame   0x00000000000004bc      0x128 Core/Src/stm32h7xx_it.o
 .debug_frame   0x00000000000005e4       0x34 Core/Src/sysmem.o
 .debug_frame   0x0000000000000618       0x58 Core/Src/system_stm32h7xx.o
 .debug_frame   0x0000000000000670      0x710 Drivers/STM32H7xx_HAL_Driver/Src/stm32h7xx_hal.o
 .debug_frame   0x0000000000000d80      0x4b8 Drivers/STM32H7xx_HAL_Driver/Src/stm32h7xx_hal_cortex.o
 .debug_frame   0x0000000000001238      0x7d0 Drivers/STM32H7xx_HAL_Driver/Src/stm32h7xx_hal_eth.o
 .debug_frame   0x0000000000001a08      0x14c Drivers/STM32H7xx_HAL_Driver/Src/stm32h7xx_hal_gpio.o