main.c:168:6:TurnOnLedBlue	8	static
main.c:175:6:TurnOffLedBlue	8	static
main.c:179:6:TurnOnLedRed	8	static
main.c:186:6:TurnOffLedRed	8	static
main.c:190:6:TurnOnLedYellow	8	static
main.c:197:6:TurnOffLedYellow	8	static
main.c:201:6:updateTime	4	static
main.c:219:6:printTimeAdjust	24	static
main.c:227:6:setHour	8	static
main.c:245:6:setMinute	8	static
main.c:258:6:setSecond	8	static
main.c:271:6:displayClock	8	static
main.c:282:6:normalClock	4	static
main.c:316:6:printClock	32	static
main.c:321:6:printStopWatchTime	16	static
main.c:326:6:stopWatch	8	static
main.c:376:6:readButtonMode	8	static
main.c:386:6:readButtonAdjust	8	static
main.c:477:6:SetGlobalMode	8	static
main.c:536:5:main	8	static
main.c:591:6:SystemClock_Config	312	static
main.c:658:13:MX_ETH_Init	8	static
main.c:704:13:MX_TIM16_Init	8	static
main.c:736:13:MX_USART3_UART_Init	8	static
main.c:784:13:MX_USB_OTG_FS_PCD_Init	8	static
main.c:820:13:MX_GPIO_Init	56	static
main.c:873:6:HAL_TIM_PeriodElapsedCallback	16	static
main.c:886:6:Error_Handler	4	static
